05:55:39 **** Build of configuration Debug for project h743_argus_S50MV85I_ExplorerApp ****
make -j16 all 
arm-none-eabi-g++ "../app_core/tools/InRangeDetector.cpp" -mcpu=cortex-m7 -std=gnu++14 -g3 -DDEBUG -DUSE_HAL_DRIVER -DSTM32H723xx -c -I../Core/Inc -I"C:/Users/admin/Documents/Work/STM32/ARGUS_SOFT/h743_argus_S50MV85I_ExplorerApp/Argus_lib/ExampleApp" -I"C:/Users/admin/Documents/Work/STM32/ARGUS_SOFT/h743_argus_S50MV85I_ExplorerApp/Argus_lib/ExplorerApp" -I"C:/Users/admin/Documents/Work/STM32/ARGUS_SOFT/h743_argus_S50MV85I_ExplorerApp/Argus_lib" -I"C:/Users/admin/Documents/Work/STM32/ARGUS_SOFT/h743_argus_S50MV85I_ExplorerApp/../AFBR-S50-API/AFBR-S50/Include" -I"C:/Users/admin/Documents/Work/STM32/ARGUS_SOFT/h743_argus_S50MV85I_ExplorerApp/app_core/tools" -I"C:/Users/admin/Documents/Work/STM32/ARGUS_SOFT/h743_argus_S50MV85I_ExplorerApp/app_core" -I../Drivers/STM32H7xx_HAL_Driver/Inc -I../Drivers/STM32H7xx_HAL_Driver/Inc/Legacy -I../Drivers/CMSIS/Device/ST/STM32H7xx/Include -I../Drivers/CMSIS/Include -O0 -ffunction-sections -fdata-sections -fno-exceptions -fno-rtti -fno-use-cxa-atexit -Wall -fstack-usage -fcyclomatic-complexity -MMD -MP -MF"app_core/tools/InRangeDetector.d" -MT"app_core/tools/InRangeDetector.o" --specs=nano.specs -mfpu=fpv5-d16 -mfloat-abi=hard -mthumb -o "app_core/tools/InRangeDetector.o"
arm-none-eabi-g++ "../app_core/tools/PID.cpp" -mcpu=cortex-m7 -std=gnu++14 -g3 -DDEBUG -DUSE_HAL_DRIVER -DSTM32H723xx -c -I../Core/Inc -I"C:/Users/admin/Documents/Work/STM32/ARGUS_SOFT/h743_argus_S50MV85I_ExplorerApp/Argus_lib/ExampleApp" -I"C:/Users/admin/Documents/Work/STM32/ARGUS_SOFT/h743_argus_S50MV85I_ExplorerApp/Argus_lib/ExplorerApp" -I"C:/Users/admin/Documents/Work/STM32/ARGUS_SOFT/h743_argus_S50MV85I_ExplorerApp/Argus_lib" -I"C:/Users/admin/Documents/Work/STM32/ARGUS_SOFT/h743_argus_S50MV85I_ExplorerApp/../AFBR-S50-API/AFBR-S50/Include" -I"C:/Users/admin/Documents/Work/STM32/ARGUS_SOFT/h743_argus_S50MV85I_ExplorerApp/app_core/tools" -I"C:/Users/admin/Documents/Work/STM32/ARGUS_SOFT/h743_argus_S50MV85I_ExplorerApp/app_core" -I../Drivers/STM32H7xx_HAL_Driver/Inc -I../Drivers/STM32H7xx_HAL_Driver/Inc/Legacy -I../Drivers/CMSIS/Device/ST/STM32H7xx/Include -I../Drivers/CMSIS/Include -O0 -ffunction-sections -fdata-sections -fno-exceptions -fno-rtti -fno-use-cxa-atexit -Wall -fstack-usage -fcyclomatic-complexity -MMD -MP -MF"app_core/tools/PID.d" -MT"app_core/tools/PID.o" --specs=nano.specs -mfpu=fpv5-d16 -mfloat-abi=hard -mthumb -o "app_core/tools/PID.o"
arm-none-eabi-g++ "../app_core/tools/Stm32ADCregular.cpp" -mcpu=cortex-m7 -std=gnu++14 -g3 -DDEBUG -DUSE_HAL_DRIVER -DSTM32H723xx -c -I../Core/Inc -I"C:/Users/admin/Documents/Work/STM32/ARGUS_SOFT/h743_argus_S50MV85I_ExplorerApp/Argus_lib/ExampleApp" -I"C:/Users/admin/Documents/Work/STM32/ARGUS_SOFT/h743_argus_S50MV85I_ExplorerApp/Argus_lib/ExplorerApp" -I"C:/Users/admin/Documents/Work/STM32/ARGUS_SOFT/h743_argus_S50MV85I_ExplorerApp/Argus_lib" -I"C:/Users/admin/Documents/Work/STM32/ARGUS_SOFT/h743_argus_S50MV85I_ExplorerApp/../AFBR-S50-API/AFBR-S50/Include" -I"C:/Users/admin/Documents/Work/STM32/ARGUS_SOFT/h743_argus_S50MV85I_ExplorerApp/app_core/tools" -I"C:/Users/admin/Documents/Work/STM32/ARGUS_SOFT/h743_argus_S50MV85I_ExplorerApp/app_core" -I../Drivers/STM32H7xx_HAL_Driver/Inc -I../Drivers/STM32H7xx_HAL_Driver/Inc/Legacy -I../Drivers/CMSIS/Device/ST/STM32H7xx/Include -I../Drivers/CMSIS/Include -O0 -ffunction-sections -fdata-sections -fno-exceptions -fno-rtti -fno-use-cxa-atexit -Wall -fstack-usage -fcyclomatic-complexity -MMD -MP -MF"app_core/tools/Stm32ADCregular.d" -MT"app_core/tools/Stm32ADCregular.o" --specs=nano.specs -mfpu=fpv5-d16 -mfloat-abi=hard -mthumb -o "app_core/tools/Stm32ADCregular.o"
arm-none-eabi-g++ "../app_core/tools/Timerms.cpp" -mcpu=cortex-m7 -std=gnu++14 -g3 -DDEBUG -DUSE_HAL_DRIVER -DSTM32H723xx -c -I../Core/Inc -I"C:/Users/admin/Documents/Work/STM32/ARGUS_SOFT/h743_argus_S50MV85I_ExplorerApp/Argus_lib/ExampleApp" -I"C:/Users/admin/Documents/Work/STM32/ARGUS_SOFT/h743_argus_S50MV85I_ExplorerApp/Argus_lib/ExplorerApp" -I"C:/Users/admin/Documents/Work/STM32/ARGUS_SOFT/h743_argus_S50MV85I_ExplorerApp/Argus_lib" -I"C:/Users/admin/Documents/Work/STM32/ARGUS_SOFT/h743_argus_S50MV85I_ExplorerApp/../AFBR-S50-API/AFBR-S50/Include" -I"C:/Users/admin/Documents/Work/STM32/ARGUS_SOFT/h743_argus_S50MV85I_ExplorerApp/app_core/tools" -I"C:/Users/admin/Documents/Work/STM32/ARGUS_SOFT/h743_argus_S50MV85I_ExplorerApp/app_core" -I../Drivers/STM32H7xx_HAL_Driver/Inc -I../Drivers/STM32H7xx_HAL_Driver/Inc/Legacy -I../Drivers/CMSIS/Device/ST/STM32H7xx/Include -I../Drivers/CMSIS/Include -O0 -ffunction-sections -fdata-sections -fno-exceptions -fno-rtti -fno-use-cxa-atexit -Wall -fstack-usage -fcyclomatic-complexity -MMD -MP -MF"app_core/tools/Timerms.d" -MT"app_core/tools/Timerms.o" --specs=nano.specs -mfpu=fpv5-d16 -mfloat-abi=hard -mthumb -o "app_core/tools/Timerms.o"
arm-none-eabi-g++ "../app_core/tools/TimingManager.cpp" -mcpu=cortex-m7 -std=gnu++14 -g3 -DDEBUG -DUSE_HAL_DRIVER -DSTM32H723xx -c -I../Core/Inc -I"C:/Users/admin/Documents/Work/STM32/ARGUS_SOFT/h743_argus_S50MV85I_ExplorerApp/Argus_lib/ExampleApp" -I"C:/Users/admin/Documents/Work/STM32/ARGUS_SOFT/h743_argus_S50MV85I_ExplorerApp/Argus_lib/ExplorerApp" -I"C:/Users/admin/Documents/Work/STM32/ARGUS_SOFT/h743_argus_S50MV85I_ExplorerApp/Argus_lib" -I"C:/Users/admin/Documents/Work/STM32/ARGUS_SOFT/h743_argus_S50MV85I_ExplorerApp/../AFBR-S50-API/AFBR-S50/Include" -I"C:/Users/admin/Documents/Work/STM32/ARGUS_SOFT/h743_argus_S50MV85I_ExplorerApp/app_core/tools" -I"C:/Users/admin/Documents/Work/STM32/ARGUS_SOFT/h743_argus_S50MV85I_ExplorerApp/app_core" -I../Drivers/STM32H7xx_HAL_Driver/Inc -I../Drivers/STM32H7xx_HAL_Driver/Inc/Legacy -I../Drivers/CMSIS/Device/ST/STM32H7xx/Include -I../Drivers/CMSIS/Include -O0 -ffunction-sections -fdata-sections -fno-exceptions -fno-rtti -fno-use-cxa-atexit -Wall -fstack-usage -fcyclomatic-complexity -MMD -MP -MF"app_core/tools/TimingManager.d" -MT"app_core/tools/TimingManager.o" --specs=nano.specs -mfpu=fpv5-d16 -mfloat-abi=hard -mthumb -o "app_core/tools/TimingManager.o"
arm-none-eabi-gcc "../app_core/app_core.c" -mcpu=cortex-m7 -std=gnu11 -g3 -DDEBUG -DUSE_HAL_DRIVER -DSTM32H723xx -c -I../Core/Inc -I"C:/Users/admin/Documents/Work/STM32/ARGUS_SOFT/h743_argus_S50MV85I_ExplorerApp/Argus_lib/ExampleApp" -I"C:/Users/admin/Documents/Work/STM32/ARGUS_SOFT/h743_argus_S50MV85I_ExplorerApp/Argus_lib/ExplorerApp" -I"C:/Users/admin/Documents/Work/STM32/ARGUS_SOFT/h743_argus_S50MV85I_ExplorerApp/Argus_lib" -I"C:/Users/admin/Documents/Work/STM32/ARGUS_SOFT/h743_argus_S50MV85I_ExplorerApp/app_core" -I../Drivers/STM32H7xx_HAL_Driver/Inc -I../Drivers/STM32H7xx_HAL_Driver/Inc/Legacy -I../Drivers/CMSIS/Device/ST/STM32H7xx/Include -I../Drivers/CMSIS/Include -IC:/Users/admin/Documents/Work/STM32/ARGUS_SOFT/h743_argus_S50MV85I_ExplorerApp/../AFBR-S50-API/AFBR-S50/Include -O0 -ffunction-sections -fdata-sections -Wall -fstack-usage -fcyclomatic-complexity -MMD -MP -MF"app_core/app_core.d" -MT"app_core/app_core.o" --specs=nano.specs -mfpu=fpv5-d16 -mfloat-abi=hard -mthumb -o "app_core/app_core.o"
arm-none-eabi-gcc "../Drivers/STM32H7xx_HAL_Driver/Src/stm32h7xx_hal.c" -mcpu=cortex-m7 -std=gnu11 -g3 -DDEBUG -DUSE_HAL_DRIVER -DSTM32H723xx -c -I../Core/Inc -I"C:/Users/admin/Documents/Work/STM32/ARGUS_SOFT/h743_argus_S50MV85I_ExplorerApp/Argus_lib/ExampleApp" -I"C:/Users/admin/Documents/Work/STM32/ARGUS_SOFT/h743_argus_S50MV85I_ExplorerApp/Argus_lib/ExplorerApp" -I"C:/Users/admin/Documents/Work/STM32/ARGUS_SOFT/h743_argus_S50MV85I_ExplorerApp/Argus_lib" -I"C:/Users/admin/Documents/Work/STM32/ARGUS_SOFT/h743_argus_S50MV85I_ExplorerApp/app_core" -I../Drivers/STM32H7xx_HAL_Driver/Inc -I../Drivers/STM32H7xx_HAL_Driver/Inc/Legacy -I../Drivers/CMSIS/Device/ST/STM32H7xx/Include -I../Drivers/CMSIS/Include -IC:/Users/admin/Documents/Work/STM32/ARGUS_SOFT/h743_argus_S50MV85I_ExplorerApp/../AFBR-S50-API/AFBR-S50/Include -O0 -ffunction-sections -fdata-sections -Wall -fstack-usage -fcyclomatic-complexity -MMD -MP -MF"Drivers/STM32H7xx_HAL_Driver/Src/stm32h7xx_hal.d" -MT"Drivers/STM32H7xx_HAL_Driver/Src/stm32h7xx_hal.o" --specs=nano.specs -mfpu=fpv5-d16 -mfloat-abi=hard -mthumb -o "Drivers/STM32H7xx_HAL_Driver/Src/stm32h7xx_hal.o"
arm-none-eabi-gcc "../Drivers/STM32H7xx_HAL_Driver/Src/stm32h7xx_hal_cortex.c" -mcpu=cortex-m7 -std=gnu11 -g3 -DDEBUG -DUSE_HAL_DRIVER -DSTM32H723xx -c -I../Core/Inc -I"C:/Users/admin/Documents/Work/STM32/ARGUS_SOFT/h743_argus_S50MV85I_ExplorerApp/Argus_lib/ExampleApp" -I"C:/Users/admin/Documents/Work/STM32/ARGUS_SOFT/h743_argus_S50MV85I_ExplorerApp/Argus_lib/ExplorerApp" -I"C:/Users/admin/Documents/Work/STM32/ARGUS_SOFT/h743_argus_S50MV85I_ExplorerApp/Argus_lib" -I"C:/Users/admin/Documents/Work/STM32/ARGUS_SOFT/h743_argus_S50MV85I_ExplorerApp/app_core" -I../Drivers/STM32H7xx_HAL_Driver/Inc -I../Drivers/STM32H7xx_HAL_Driver/Inc/Legacy -I../Drivers/CMSIS/Device/ST/STM32H7xx/Include -I../Drivers/CMSIS/Include -IC:/Users/admin/Documents/Work/STM32/ARGUS_SOFT/h743_argus_S50MV85I_ExplorerApp/../AFBR-S50-API/AFBR-S50/Include -O0 -ffunction-sections -fdata-sections -Wall -fstack-usage -fcyclomatic-complexity -MMD -MP -MF"Drivers/STM32H7xx_HAL_Driver/Src/stm32h7xx_hal_cortex.d" -MT"Drivers/STM32H7xx_HAL_Driver/Src/stm32h7xx_hal_cortex.o" --specs=nano.specs -mfpu=fpv5-d16 -mfloat-abi=hard -mthumb -o "Drivers/STM32H7xx_HAL_Driver/Src/stm32h7xx_hal_cortex.o"
arm-none-eabi-gcc "../Drivers/STM32H7xx_HAL_Driver/Src/stm32h7xx_hal_dma.c" -mcpu=cortex-m7 -std=gnu11 -g3 -DDEBUG -DUSE_HAL_DRIVER -DSTM32H723xx -c -I../Core/Inc -I"C:/Users/admin/Documents/Work/STM32/ARGUS_SOFT/h743_argus_S50MV85I_ExplorerApp/Argus_lib/ExampleApp" -I"C:/Users/admin/Documents/Work/STM32/ARGUS_SOFT/h743_argus_S50MV85I_ExplorerApp/Argus_lib/ExplorerApp" -I"C:/Users/admin/Documents/Work/STM32/ARGUS_SOFT/h743_argus_S50MV85I_ExplorerApp/Argus_lib" -I"C:/Users/admin/Documents/Work/STM32/ARGUS_SOFT/h743_argus_S50MV85I_ExplorerApp/app_core" -I../Drivers/STM32H7xx_HAL_Driver/Inc -I../Drivers/STM32H7xx_HAL_Driver/Inc/Legacy -I../Drivers/CMSIS/Device/ST/STM32H7xx/Include -I../Drivers/CMSIS/Include -IC:/Users/admin/Documents/Work/STM32/ARGUS_SOFT/h743_argus_S50MV85I_ExplorerApp/../AFBR-S50-API/AFBR-S50/Include -O0 -ffunction-sections -fdata-sections -Wall -fstack-usage -fcyclomatic-complexity -MMD -MP -MF"Drivers/STM32H7xx_HAL_Driver/Src/stm32h7xx_hal_dma.d" -MT"Drivers/STM32H7xx_HAL_Driver/Src/stm32h7xx_hal_dma.o" --specs=nano.specs -mfpu=fpv5-d16 -mfloat-abi=hard -mthumb -o "Drivers/STM32H7xx_HAL_Driver/Src/stm32h7xx_hal_dma.o"
arm-none-eabi-gcc "../Drivers/STM32H7xx_HAL_Driver/Src/stm32h7xx_hal_dma_ex.c" -mcpu=cortex-m7 -std=gnu11 -g3 -DDEBUG -DUSE_HAL_DRIVER -DSTM32H723xx -c -I../Core/Inc -I"C:/Users/admin/Documents/Work/STM32/ARGUS_SOFT/h743_argus_S50MV85I_ExplorerApp/Argus_lib/ExampleApp" -I"C:/Users/admin/Documents/Work/STM32/ARGUS_SOFT/h743_argus_S50MV85I_ExplorerApp/Argus_lib/ExplorerApp" -I"C:/Users/admin/Documents/Work/STM32/ARGUS_SOFT/h743_argus_S50MV85I_ExplorerApp/Argus_lib" -I"C:/Users/admin/Documents/Work/STM32/ARGUS_SOFT/h743_argus_S50MV85I_ExplorerApp/app_core" -I../Drivers/STM32H7xx_HAL_Driver/Inc -I../Drivers/STM32H7xx_HAL_Driver/Inc/Legacy -I../Drivers/CMSIS/Device/ST/STM32H7xx/Include -I../Drivers/CMSIS/Include -IC:/Users/admin/Documents/Work/STM32/ARGUS_SOFT/h743_argus_S50MV85I_ExplorerApp/../AFBR-S50-API/AFBR-S50/Include -O0 -ffunction-sections -fdata-sections -Wall -fstack-usage -fcyclomatic-complexity -MMD -MP -MF"Drivers/STM32H7xx_HAL_Driver/Src/stm32h7xx_hal_dma_ex.d" -MT"Drivers/STM32H7xx_HAL_Driver/Src/stm32h7xx_hal_dma_ex.o" --specs=nano.specs -mfpu=fpv5-d16 -mfloat-abi=hard -mthumb -o "Drivers/STM32H7xx_HAL_Driver/Src/stm32h7xx_hal_dma_ex.o"
arm-none-eabi-gcc "../Drivers/STM32H7xx_HAL_Driver/Src/stm32h7xx_hal_exti.c" -mcpu=cortex-m7 -std=gnu11 -g3 -DDEBUG -DUSE_HAL_DRIVER -DSTM32H723xx -c -I../Core/Inc -I"C:/Users/admin/Documents/Work/STM32/ARGUS_SOFT/h743_argus_S50MV85I_ExplorerApp/Argus_lib/ExampleApp" -I"C:/Users/admin/Documents/Work/STM32/ARGUS_SOFT/h743_argus_S50MV85I_ExplorerApp/Argus_lib/ExplorerApp" -I"C:/Users/admin/Documents/Work/STM32/ARGUS_SOFT/h743_argus_S50MV85I_ExplorerApp/Argus_lib" -I"C:/Users/admin/Documents/Work/STM32/ARGUS_SOFT/h743_argus_S50MV85I_ExplorerApp/app_core" -I../Drivers/STM32H7xx_HAL_Driver/Inc -I../Drivers/STM32H7xx_HAL_Driver/Inc/Legacy -I../Drivers/CMSIS/Device/ST/STM32H7xx/Include -I../Drivers/CMSIS/Include -IC:/Users/admin/Documents/Work/STM32/ARGUS_SOFT/h743_argus_S50MV85I_ExplorerApp/../AFBR-S50-API/AFBR-S50/Include -O0 -ffunction-sections -fdata-sections -Wall -fstack-usage -fcyclomatic-complexity -MMD -MP -MF"Drivers/STM32H7xx_HAL_Driver/Src/stm32h7xx_hal_exti.d" -MT"Drivers/STM32H7xx_HAL_Driver/Src/stm32h7xx_hal_exti.o" --specs=nano.specs -mfpu=fpv5-d16 -mfloat-abi=hard -mthumb -o "Drivers/STM32H7xx_HAL_Driver/Src/stm32h7xx_hal_exti.o"
arm-none-eabi-gcc "../Drivers/STM32H7xx_HAL_Driver/Src/stm32h7xx_hal_flash.c" -mcpu=cortex-m7 -std=gnu11 -g3 -DDEBUG -DUSE_HAL_DRIVER -DSTM32H723xx -c -I../Core/Inc -I"C:/Users/admin/Documents/Work/STM32/ARGUS_SOFT/h743_argus_S50MV85I_ExplorerApp/Argus_lib/ExampleApp" -I"C:/Users/admin/Documents/Work/STM32/ARGUS_SOFT/h743_argus_S50MV85I_ExplorerApp/Argus_lib/ExplorerApp" -I"C:/Users/admin/Documents/Work/STM32/ARGUS_SOFT/h743_argus_S50MV85I_ExplorerApp/Argus_lib" -I"C:/Users/admin/Documents/Work/STM32/ARGUS_SOFT/h743_argus_S50MV85I_ExplorerApp/app_core" -I../Drivers/STM32H7xx_HAL_Driver/Inc -I../Drivers/STM32H7xx_HAL_Driver/Inc/Legacy -I../Drivers/CMSIS/Device/ST/STM32H7xx/Include -I../Drivers/CMSIS/Include -IC:/Users/admin/Documents/Work/STM32/ARGUS_SOFT/h743_argus_S50MV85I_ExplorerApp/../AFBR-S50-API/AFBR-S50/Include -O0 -ffunction-sections -fdata-sections -Wall -fstack-usage -fcyclomatic-complexity -MMD -MP -MF"Drivers/STM32H7xx_HAL_Driver/Src/stm32h7xx_hal_flash.d" -MT"Drivers/STM32H7xx_HAL_Driver/Src/stm32h7xx_hal_flash.o" --specs=nano.specs -mfpu=fpv5-d16 -mfloat-abi=hard -mthumb -o "Drivers/STM32H7xx_HAL_Driver/Src/stm32h7xx_hal_flash.o"
arm-none-eabi-gcc "../Drivers/STM32H7xx_HAL_Driver/Src/stm32h7xx_hal_flash_ex.c" -mcpu=cortex-m7 -std=gnu11 -g3 -DDEBUG -DUSE_HAL_DRIVER -DSTM32H723xx -c -I../Core/Inc -I"C:/Users/admin/Documents/Work/STM32/ARGUS_SOFT/h743_argus_S50MV85I_ExplorerApp/Argus_lib/ExampleApp" -I"C:/Users/admin/Documents/Work/STM32/ARGUS_SOFT/h743_argus_S50MV85I_ExplorerApp/Argus_lib/ExplorerApp" -I"C:/Users/admin/Documents/Work/STM32/ARGUS_SOFT/h743_argus_S50MV85I_ExplorerApp/Argus_lib" -I"C:/Users/admin/Documents/Work/STM32/ARGUS_SOFT/h743_argus_S50MV85I_ExplorerApp/app_core" -I../Drivers/STM32H7xx_HAL_Driver/Inc -I../Drivers/STM32H7xx_HAL_Driver/Inc/Legacy -I../Drivers/CMSIS/Device/ST/STM32H7xx/Include -I../Drivers/CMSIS/Include -IC:/Users/admin/Documents/Work/STM32/ARGUS_SOFT/h743_argus_S50MV85I_ExplorerApp/../AFBR-S50-API/AFBR-S50/Include -O0 -ffunction-sections -fdata-sections -Wall -fstack-usage -fcyclomatic-complexity -MMD -MP -MF"Drivers/STM32H7xx_HAL_Driver/Src/stm32h7xx_hal_flash_ex.d" -MT"Drivers/STM32H7xx_HAL_Driver/Src/stm32h7xx_hal_flash_ex.o" --specs=nano.specs -mfpu=fpv5-d16 -mfloat-abi=hard -mthumb -o "Drivers/STM32H7xx_HAL_Driver/Src/stm32h7xx_hal_flash_ex.o"
arm-none-eabi-gcc "../Drivers/STM32H7xx_HAL_Driver/Src/stm32h7xx_hal_gpio.c" -mcpu=cortex-m7 -std=gnu11 -g3 -DDEBUG -DUSE_HAL_DRIVER -DSTM32H723xx -c -I../Core/Inc -I"C:/Users/admin/Documents/Work/STM32/ARGUS_SOFT/h743_argus_S50MV85I_ExplorerApp/Argus_lib/ExampleApp" -I"C:/Users/admin/Documents/Work/STM32/ARGUS_SOFT/h743_argus_S50MV85I_ExplorerApp/Argus_lib/ExplorerApp" -I"C:/Users/admin/Documents/Work/STM32/ARGUS_SOFT/h743_argus_S50MV85I_ExplorerApp/Argus_lib" -I"C:/Users/admin/Documents/Work/STM32/ARGUS_SOFT/h743_argus_S50MV85I_ExplorerApp/app_core" -I../Drivers/STM32H7xx_HAL_Driver/Inc -I../Drivers/STM32H7xx_HAL_Driver/Inc/Legacy -I../Drivers/CMSIS/Device/ST/STM32H7xx/Include -I../Drivers/CMSIS/Include -IC:/Users/admin/Documents/Work/STM32/ARGUS_SOFT/h743_argus_S50MV85I_ExplorerApp/../AFBR-S50-API/AFBR-S50/Include -O0 -ffunction-sections -fdata-sections -Wall -fstack-usage -fcyclomatic-complexity -MMD -MP -MF"Drivers/STM32H7xx_HAL_Driver/Src/stm32h7xx_hal_gpio.d" -MT"Drivers/STM32H7xx_HAL_Driver/Src/stm32h7xx_hal_gpio.o" --specs=nano.specs -mfpu=fpv5-d16 -mfloat-abi=hard -mthumb -o "Drivers/STM32H7xx_HAL_Driver/Src/stm32h7xx_hal_gpio.o"
arm-none-eabi-gcc "../Drivers/STM32H7xx_HAL_Driver/Src/stm32h7xx_hal_hsem.c" -mcpu=cortex-m7 -std=gnu11 -g3 -DDEBUG -DUSE_HAL_DRIVER -DSTM32H723xx -c -I../Core/Inc -I"C:/Users/admin/Documents/Work/STM32/ARGUS_SOFT/h743_argus_S50MV85I_ExplorerApp/Argus_lib/ExampleApp" -I"C:/Users/admin/Documents/Work/STM32/ARGUS_SOFT/h743_argus_S50MV85I_ExplorerApp/Argus_lib/ExplorerApp" -I"C:/Users/admin/Documents/Work/STM32/ARGUS_SOFT/h743_argus_S50MV85I_ExplorerApp/Argus_lib" -I"C:/Users/admin/Documents/Work/STM32/ARGUS_SOFT/h743_argus_S50MV85I_ExplorerApp/app_core" -I../Drivers/STM32H7xx_HAL_Driver/Inc -I../Drivers/STM32H7xx_HAL_Driver/Inc/Legacy -I../Drivers/CMSIS/Device/ST/STM32H7xx/Include -I../Drivers/CMSIS/Include -IC:/Users/admin/Documents/Work/STM32/ARGUS_SOFT/h743_argus_S50MV85I_ExplorerApp/../AFBR-S50-API/AFBR-S50/Include -O0 -ffunction-sections -fdata-sections -Wall -fstack-usage -fcyclomatic-complexity -MMD -MP -MF"Drivers/STM32H7xx_HAL_Driver/Src/stm32h7xx_hal_hsem.d" -MT"Drivers/STM32H7xx_HAL_Driver/Src/stm32h7xx_hal_hsem.o" --specs=nano.specs -mfpu=fpv5-d16 -mfloat-abi=hard -mthumb -o "Drivers/STM32H7xx_HAL_Driver/Src/stm32h7xx_hal_hsem.o"
arm-none-eabi-gcc "../Drivers/STM32H7xx_HAL_Driver/Src/stm32h7xx_hal_i2c.c" -mcpu=cortex-m7 -std=gnu11 -g3 -DDEBUG -DUSE_HAL_DRIVER -DSTM32H723xx -c -I../Core/Inc -I"C:/Users/admin/Documents/Work/STM32/ARGUS_SOFT/h743_argus_S50MV85I_ExplorerApp/Argus_lib/ExampleApp" -I"C:/Users/admin/Documents/Work/STM32/ARGUS_SOFT/h743_argus_S50MV85I_ExplorerApp/Argus_lib/ExplorerApp" -I"C:/Users/admin/Documents/Work/STM32/ARGUS_SOFT/h743_argus_S50MV85I_ExplorerApp/Argus_lib" -I"C:/Users/admin/Documents/Work/STM32/ARGUS_SOFT/h743_argus_S50MV85I_ExplorerApp/app_core" -I../Drivers/STM32H7xx_HAL_Driver/Inc -I../Drivers/STM32H7xx_HAL_Driver/Inc/Legacy -I../Drivers/CMSIS/Device/ST/STM32H7xx/Include -I../Drivers/CMSIS/Include -IC:/Users/admin/Documents/Work/STM32/ARGUS_SOFT/h743_argus_S50MV85I_ExplorerApp/../AFBR-S50-API/AFBR-S50/Include -O0 -ffunction-sections -fdata-sections -Wall -fstack-usage -fcyclomatic-complexity -MMD -MP -MF"Drivers/STM32H7xx_HAL_Driver/Src/stm32h7xx_hal_i2c.d" -MT"Drivers/STM32H7xx_HAL_Driver/Src/stm32h7xx_hal_i2c.o" --specs=nano.specs -mfpu=fpv5-d16 -mfloat-abi=hard -mthumb -o "Drivers/STM32H7xx_HAL_Driver/Src/stm32h7xx_hal_i2c.o"
arm-none-eabi-gcc "../Drivers/STM32H7xx_HAL_Driver/Src/stm32h7xx_hal_i2c_ex.c" -mcpu=cortex-m7 -std=gnu11 -g3 -DDEBUG -DUSE_HAL_DRIVER -DSTM32H723xx -c -I../Core/Inc -I"C:/Users/admin/Documents/Work/STM32/ARGUS_SOFT/h743_argus_S50MV85I_ExplorerApp/Argus_lib/ExampleApp" -I"C:/Users/admin/Documents/Work/STM32/ARGUS_SOFT/h743_argus_S50MV85I_ExplorerApp/Argus_lib/ExplorerApp" -I"C:/Users/admin/Documents/Work/STM32/ARGUS_SOFT/h743_argus_S50MV85I_ExplorerApp/Argus_lib" -I"C:/Users/admin/Documents/Work/STM32/ARGUS_SOFT/h743_argus_S50MV85I_ExplorerApp/app_core" -I../Drivers/STM32H7xx_HAL_Driver/Inc -I../Drivers/STM32H7xx_HAL_Driver/Inc/Legacy -I../Drivers/CMSIS/Device/ST/STM32H7xx/Include -I../Drivers/CMSIS/Include -IC:/Users/admin/Documents/Work/STM32/ARGUS_SOFT/h743_argus_S50MV85I_ExplorerApp/../AFBR-S50-API/AFBR-S50/Include -O0 -ffunction-sections -fdata-sections -Wall -fstack-usage -fcyclomatic-complexity -MMD -MP -MF"Drivers/STM32H7xx_HAL_Driver/Src/stm32h7xx_hal_i2c_ex.d" -MT"Drivers/STM32H7xx_HAL_Driver/Src/stm32h7xx_hal_i2c_ex.o" --specs=nano.specs -mfpu=fpv5-d16 -mfloat-abi=hard -mthumb -o "Drivers/STM32H7xx_HAL_Driver/Src/stm32h7xx_hal_i2c_ex.o"
arm-none-eabi-gcc "../Drivers/STM32H7xx_HAL_Driver/Src/stm32h7xx_hal_mdma.c" -mcpu=cortex-m7 -std=gnu11 -g3 -DDEBUG -DUSE_HAL_DRIVER -DSTM32H723xx -c -I../Core/Inc -I"C:/Users/admin/Documents/Work/STM32/ARGUS_SOFT/h743_argus_S50MV85I_ExplorerApp/Argus_lib/ExampleApp" -I"C:/Users/admin/Documents/Work/STM32/ARGUS_SOFT/h743_argus_S50MV85I_ExplorerApp/Argus_lib/ExplorerApp" -I"C:/Users/admin/Documents/Work/STM32/ARGUS_SOFT/h743_argus_S50MV85I_ExplorerApp/Argus_lib" -I"C:/Users/admin/Documents/Work/STM32/ARGUS_SOFT/h743_argus_S50MV85I_ExplorerApp/app_core" -I../Drivers/STM32H7xx_HAL_Driver/Inc -I../Drivers/STM32H7xx_HAL_Driver/Inc/Legacy -I../Drivers/CMSIS/Device/ST/STM32H7xx/Include -I../Drivers/CMSIS/Include -IC:/Users/admin/Documents/Work/STM32/ARGUS_SOFT/h743_argus_S50MV85I_ExplorerApp/../AFBR-S50-API/AFBR-S50/Include -O0 -ffunction-sections -fdata-sections -Wall -fstack-usage -fcyclomatic-complexity -MMD -MP -MF"Drivers/STM32H7xx_HAL_Driver/Src/stm32h7xx_hal_mdma.d" -MT"Drivers/STM32H7xx_HAL_Driver/Src/stm32h7xx_hal_mdma.o" --specs=nano.specs -mfpu=fpv5-d16 -mfloat-abi=hard -mthumb -o "Drivers/STM32H7xx_HAL_Driver/Src/stm32h7xx_hal_mdma.o"
arm-none-eabi-gcc "../Drivers/STM32H7xx_HAL_Driver/Src/stm32h7xx_hal_pwr.c" -mcpu=cortex-m7 -std=gnu11 -g3 -DDEBUG -DUSE_HAL_DRIVER -DSTM32H723xx -c -I../Core/Inc -I"C:/Users/admin/Documents/Work/STM32/ARGUS_SOFT/h743_argus_S50MV85I_ExplorerApp/Argus_lib/ExampleApp" -I"C:/Users/admin/Documents/Work/STM32/ARGUS_SOFT/h743_argus_S50MV85I_ExplorerApp/Argus_lib/ExplorerApp" -I"C:/Users/admin/Documents/Work/STM32/ARGUS_SOFT/h743_argus_S50MV85I_ExplorerApp/Argus_lib" -I"C:/Users/admin/Documents/Work/STM32/ARGUS_SOFT/h743_argus_S50MV85I_ExplorerApp/app_core" -I../Drivers/STM32H7xx_HAL_Driver/Inc -I../Drivers/STM32H7xx_HAL_Driver/Inc/Legacy -I../Drivers/CMSIS/Device/ST/STM32H7xx/Include -I../Drivers/CMSIS/Include -IC:/Users/admin/Documents/Work/STM32/ARGUS_SOFT/h743_argus_S50MV85I_ExplorerApp/../AFBR-S50-API/AFBR-S50/Include -O0 -ffunction-sections -fdata-sections -Wall -fstack-usage -fcyclomatic-complexity -MMD -MP -MF"Drivers/STM32H7xx_HAL_Driver/Src/stm32h7xx_hal_pwr.d" -MT"Drivers/STM32H7xx_HAL_Driver/Src/stm32h7xx_hal_pwr.o" --specs=nano.specs -mfpu=fpv5-d16 -mfloat-abi=hard -mthumb -o "Drivers/STM32H7xx_HAL_Driver/Src/stm32h7xx_hal_pwr.o"
arm-none-eabi-gcc "../Drivers/STM32H7xx_HAL_Driver/Src/stm32h7xx_hal_pwr_ex.c" -mcpu=cortex-m7 -std=gnu11 -g3 -DDEBUG -DUSE_HAL_DRIVER -DSTM32H723xx -c -I../Core/Inc -I"C:/Users/admin/Documents/Work/STM32/ARGUS_SOFT/h743_argus_S50MV85I_ExplorerApp/Argus_lib/ExampleApp" -I"C:/Users/admin/Documents/Work/STM32/ARGUS_SOFT/h743_argus_S50MV85I_ExplorerApp/Argus_lib/ExplorerApp" -I"C:/Users/admin/Documents/Work/STM32/ARGUS_SOFT/h743_argus_S50MV85I_ExplorerApp/Argus_lib" -I"C:/Users/admin/Documents/Work/STM32/ARGUS_SOFT/h743_argus_S50MV85I_ExplorerApp/app_core" -I../Drivers/STM32H7xx_HAL_Driver/Inc -I../Drivers/STM32H7xx_HAL_Driver/Inc/Legacy -I../Drivers/CMSIS/Device/ST/STM32H7xx/Include -I../Drivers/CMSIS/Include -IC:/Users/admin/Documents/Work/STM32/ARGUS_SOFT/h743_argus_S50MV85I_ExplorerApp/../AFBR-S50-API/AFBR-S50/Include -O0 -ffunction-sections -fdata-sections -Wall -fstack-usage -fcyclomatic-complexity -MMD -MP -MF"Drivers/STM32H7xx_HAL_Driver/Src/stm32h7xx_hal_pwr_ex.d" -MT"Drivers/STM32H7xx_HAL_Driver/Src/stm32h7xx_hal_pwr_ex.o" --specs=nano.specs -mfpu=fpv5-d16 -mfloat-abi=hard -mthumb -o "Drivers/STM32H7xx_HAL_Driver/Src/stm32h7xx_hal_pwr_ex.o"
arm-none-eabi-gcc "../Drivers/STM32H7xx_HAL_Driver/Src/stm32h7xx_hal_rcc.c" -mcpu=cortex-m7 -std=gnu11 -g3 -DDEBUG -DUSE_HAL_DRIVER -DSTM32H723xx -c -I../Core/Inc -I"C:/Users/admin/Documents/Work/STM32/ARGUS_SOFT/h743_argus_S50MV85I_ExplorerApp/Argus_lib/ExampleApp" -I"C:/Users/admin/Documents/Work/STM32/ARGUS_SOFT/h743_argus_S50MV85I_ExplorerApp/Argus_lib/ExplorerApp" -I"C:/Users/admin/Documents/Work/STM32/ARGUS_SOFT/h743_argus_S50MV85I_ExplorerApp/Argus_lib" -I"C:/Users/admin/Documents/Work/STM32/ARGUS_SOFT/h743_argus_S50MV85I_ExplorerApp/app_core" -I../Drivers/STM32H7xx_HAL_Driver/Inc -I../Drivers/STM32H7xx_HAL_Driver/Inc/Legacy -I../Drivers/CMSIS/Device/ST/STM32H7xx/Include -I../Drivers/CMSIS/Include -IC:/Users/admin/Documents/Work/STM32/ARGUS_SOFT/h743_argus_S50MV85I_ExplorerApp/../AFBR-S50-API/AFBR-S50/Include -O0 -ffunction-sections -fdata-sections -Wall -fstack-usage -fcyclomatic-complexity -MMD -MP -MF"Drivers/STM32H7xx_HAL_Driver/Src/stm32h7xx_hal_rcc.d" -MT"Drivers/STM32H7xx_HAL_Driver/Src/stm32h7xx_hal_rcc.o" --specs=nano.specs -mfpu=fpv5-d16 -mfloat-abi=hard -mthumb -o "Drivers/STM32H7xx_HAL_Driver/Src/stm32h7xx_hal_rcc.o"
arm-none-eabi-gcc "../Drivers/STM32H7xx_HAL_Driver/Src/stm32h7xx_hal_rcc_ex.c" -mcpu=cortex-m7 -std=gnu11 -g3 -DDEBUG -DUSE_HAL_DRIVER -DSTM32H723xx -c -I../Core/Inc -I"C:/Users/admin/Documents/Work/STM32/ARGUS_SOFT/h743_argus_S50MV85I_ExplorerApp/Argus_lib/ExampleApp" -I"C:/Users/admin/Documents/Work/STM32/ARGUS_SOFT/h743_argus_S50MV85I_ExplorerApp/Argus_lib/ExplorerApp" -I"C:/Users/admin/Documents/Work/STM32/ARGUS_SOFT/h743_argus_S50MV85I_ExplorerApp/Argus_lib" -I"C:/Users/admin/Documents/Work/STM32/ARGUS_SOFT/h743_argus_S50MV85I_ExplorerApp/app_core" -I../Drivers/STM32H7xx_HAL_Driver/Inc -I../Drivers/STM32H7xx_HAL_Driver/Inc/Legacy -I../Drivers/CMSIS/Device/ST/STM32H7xx/Include -I../Drivers/CMSIS/Include -IC:/Users/admin/Documents/Work/STM32/ARGUS_SOFT/h743_argus_S50MV85I_ExplorerApp/../AFBR-S50-API/AFBR-S50/Include -O0 -ffunction-sections -fdata-sections -Wall -fstack-usage -fcyclomatic-complexity -MMD -MP -MF"Drivers/STM32H7xx_HAL_Driver/Src/stm32h7xx_hal_rcc_ex.d" -MT"Drivers/STM32H7xx_HAL_Driver/Src/stm32h7xx_hal_rcc_ex.o" --specs=nano.specs -mfpu=fpv5-d16 -mfloat-abi=hard -mthumb -o "Drivers/STM32H7xx_HAL_Driver/Src/stm32h7xx_hal_rcc_ex.o"
arm-none-eabi-gcc "../Drivers/STM32H7xx_HAL_Driver/Src/stm32h7xx_hal_spi.c" -mcpu=cortex-m7 -std=gnu11 -g3 -DDEBUG -DUSE_HAL_DRIVER -DSTM32H723xx -c -I../Core/Inc -I"C:/Users/admin/Documents/Work/STM32/ARGUS_SOFT/h743_argus_S50MV85I_ExplorerApp/Argus_lib/ExampleApp" -I"C:/Users/admin/Documents/Work/STM32/ARGUS_SOFT/h743_argus_S50MV85I_ExplorerApp/Argus_lib/ExplorerApp" -I"C:/Users/admin/Documents/Work/STM32/ARGUS_SOFT/h743_argus_S50MV85I_ExplorerApp/Argus_lib" -I"C:/Users/admin/Documents/Work/STM32/ARGUS_SOFT/h743_argus_S50MV85I_ExplorerApp/app_core" -I../Drivers/STM32H7xx_HAL_Driver/Inc -I../Drivers/STM32H7xx_HAL_Driver/Inc/Legacy -I../Drivers/CMSIS/Device/ST/STM32H7xx/Include -I../Drivers/CMSIS/Include -IC:/Users/admin/Documents/Work/STM32/ARGUS_SOFT/h743_argus_S50MV85I_ExplorerApp/../AFBR-S50-API/AFBR-S50/Include -O0 -ffunction-sections -fdata-sections -Wall -fstack-usage -fcyclomatic-complexity -MMD -MP -MF"Drivers/STM32H7xx_HAL_Driver/Src/stm32h7xx_hal_spi.d" -MT"Drivers/STM32H7xx_HAL_Driver/Src/stm32h7xx_hal_spi.o" --specs=nano.specs -mfpu=fpv5-d16 -mfloat-abi=hard -mthumb -o "Drivers/STM32H7xx_HAL_Driver/Src/stm32h7xx_hal_spi.o"
arm-none-eabi-gcc "../Drivers/STM32H7xx_HAL_Driver/Src/stm32h7xx_hal_spi_ex.c" -mcpu=cortex-m7 -std=gnu11 -g3 -DDEBUG -DUSE_HAL_DRIVER -DSTM32H723xx -c -I../Core/Inc -I"C:/Users/admin/Documents/Work/STM32/ARGUS_SOFT/h743_argus_S50MV85I_ExplorerApp/Argus_lib/ExampleApp" -I"C:/Users/admin/Documents/Work/STM32/ARGUS_SOFT/h743_argus_S50MV85I_ExplorerApp/Argus_lib/ExplorerApp" -I"C:/Users/admin/Documents/Work/STM32/ARGUS_SOFT/h743_argus_S50MV85I_ExplorerApp/Argus_lib" -I"C:/Users/admin/Documents/Work/STM32/ARGUS_SOFT/h743_argus_S50MV85I_ExplorerApp/app_core" -I../Drivers/STM32H7xx_HAL_Driver/Inc -I../Drivers/STM32H7xx_HAL_Driver/Inc/Legacy -I../Drivers/CMSIS/Device/ST/STM32H7xx/Include -I../Drivers/CMSIS/Include -IC:/Users/admin/Documents/Work/STM32/ARGUS_SOFT/h743_argus_S50MV85I_ExplorerApp/../AFBR-S50-API/AFBR-S50/Include -O0 -ffunction-sections -fdata-sections -Wall -fstack-usage -fcyclomatic-complexity -MMD -MP -MF"Drivers/STM32H7xx_HAL_Driver/Src/stm32h7xx_hal_spi_ex.d" -MT"Drivers/STM32H7xx_HAL_Driver/Src/stm32h7xx_hal_spi_ex.o" --specs=nano.specs -mfpu=fpv5-d16 -mfloat-abi=hard -mthumb -o "Drivers/STM32H7xx_HAL_Driver/Src/stm32h7xx_hal_spi_ex.o"
arm-none-eabi-gcc "../Drivers/STM32H7xx_HAL_Driver/Src/stm32h7xx_hal_tim.c" -mcpu=cortex-m7 -std=gnu11 -g3 -DDEBUG -DUSE_HAL_DRIVER -DSTM32H723xx -c -I../Core/Inc -I"C:/Users/admin/Documents/Work/STM32/ARGUS_SOFT/h743_argus_S50MV85I_ExplorerApp/Argus_lib/ExampleApp" -I"C:/Users/admin/Documents/Work/STM32/ARGUS_SOFT/h743_argus_S50MV85I_ExplorerApp/Argus_lib/ExplorerApp" -I"C:/Users/admin/Documents/Work/STM32/ARGUS_SOFT/h743_argus_S50MV85I_ExplorerApp/Argus_lib" -I"C:/Users/admin/Documents/Work/STM32/ARGUS_SOFT/h743_argus_S50MV85I_ExplorerApp/app_core" -I../Drivers/STM32H7xx_HAL_Driver/Inc -I../Drivers/STM32H7xx_HAL_Driver/Inc/Legacy -I../Drivers/CMSIS/Device/ST/STM32H7xx/Include -I../Drivers/CMSIS/Include -IC:/Users/admin/Documents/Work/STM32/ARGUS_SOFT/h743_argus_S50MV85I_ExplorerApp/../AFBR-S50-API/AFBR-S50/Include -O0 -ffunction-sections -fdata-sections -Wall -fstack-usage -fcyclomatic-complexity -MMD -MP -MF"Drivers/STM32H7xx_HAL_Driver/Src/stm32h7xx_hal_tim.d" -MT"Drivers/STM32H7xx_HAL_Driver/Src/stm32h7xx_hal_tim.o" --specs=nano.specs -mfpu=fpv5-d16 -mfloat-abi=hard -mthumb -o "Drivers/STM32H7xx_HAL_Driver/Src/stm32h7xx_hal_tim.o"
arm-none-eabi-gcc "../Drivers/STM32H7xx_HAL_Driver/Src/stm32h7xx_hal_tim_ex.c" -mcpu=cortex-m7 -std=gnu11 -g3 -DDEBUG -DUSE_HAL_DRIVER -DSTM32H723xx -c -I../Core/Inc -I"C:/Users/admin/Documents/Work/STM32/ARGUS_SOFT/h743_argus_S50MV85I_ExplorerApp/Argus_lib/ExampleApp" -I"C:/Users/admin/Documents/Work/STM32/ARGUS_SOFT/h743_argus_S50MV85I_ExplorerApp/Argus_lib/ExplorerApp" -I"C:/Users/admin/Documents/Work/STM32/ARGUS_SOFT/h743_argus_S50MV85I_ExplorerApp/Argus_lib" -I"C:/Users/admin/Documents/Work/STM32/ARGUS_SOFT/h743_argus_S50MV85I_ExplorerApp/app_core" -I../Drivers/STM32H7xx_HAL_Driver/Inc -I../Drivers/STM32H7xx_HAL_Driver/Inc/Legacy -I../Drivers/CMSIS/Device/ST/STM32H7xx/Include -I../Drivers/CMSIS/Include -IC:/Users/admin/Documents/Work/STM32/ARGUS_SOFT/h743_argus_S50MV85I_ExplorerApp/../AFBR-S50-API/AFBR-S50/Include -O0 -ffunction-sections -fdata-sections -Wall -fstack-usage -fcyclomatic-complexity -MMD -MP -MF"Drivers/STM32H7xx_HAL_Driver/Src/stm32h7xx_hal_tim_ex.d" -MT"Drivers/STM32H7xx_HAL_Driver/Src/stm32h7xx_hal_tim_ex.o" --specs=nano.specs -mfpu=fpv5-d16 -mfloat-abi=hard -mthumb -o "Drivers/STM32H7xx_HAL_Driver/Src/stm32h7xx_hal_tim_ex.o"
arm-none-eabi-gcc "../Drivers/STM32H7xx_HAL_Driver/Src/stm32h7xx_hal_uart.c" -mcpu=cortex-m7 -std=gnu11 -g3 -DDEBUG -DUSE_HAL_DRIVER -DSTM32H723xx -c -I../Core/Inc -I"C:/Users/admin/Documents/Work/STM32/ARGUS_SOFT/h743_argus_S50MV85I_ExplorerApp/Argus_lib/ExampleApp" -I"C:/Users/admin/Documents/Work/STM32/ARGUS_SOFT/h743_argus_S50MV85I_ExplorerApp/Argus_lib/ExplorerApp" -I"C:/Users/admin/Documents/Work/STM32/ARGUS_SOFT/h743_argus_S50MV85I_ExplorerApp/Argus_lib" -I"C:/Users/admin/Documents/Work/STM32/ARGUS_SOFT/h743_argus_S50MV85I_ExplorerApp/app_core" -I../Drivers/STM32H7xx_HAL_Driver/Inc -I../Drivers/STM32H7xx_HAL_Driver/Inc/Legacy -I../Drivers/CMSIS/Device/ST/STM32H7xx/Include -I../Drivers/CMSIS/Include -IC:/Users/admin/Documents/Work/STM32/ARGUS_SOFT/h743_argus_S50MV85I_ExplorerApp/../AFBR-S50-API/AFBR-S50/Include -O0 -ffunction-sections -fdata-sections -Wall -fstack-usage -fcyclomatic-complexity -MMD -MP -MF"Drivers/STM32H7xx_HAL_Driver/Src/stm32h7xx_hal_uart.d" -MT"Drivers/STM32H7xx_HAL_Driver/Src/stm32h7xx_hal_uart.o" --specs=nano.specs -mfpu=fpv5-d16 -mfloat-abi=hard -mthumb -o "Drivers/STM32H7xx_HAL_Driver/Src/stm32h7xx_hal_uart.o"
arm-none-eabi-gcc "../Drivers/STM32H7xx_HAL_Driver/Src/stm32h7xx_hal_uart_ex.c" -mcpu=cortex-m7 -std=gnu11 -g3 -DDEBUG -DUSE_HAL_DRIVER -DSTM32H723xx -c -I../Core/Inc -I"C:/Users/admin/Documents/Work/STM32/ARGUS_SOFT/h743_argus_S50MV85I_ExplorerApp/Argus_lib/ExampleApp" -I"C:/Users/admin/Documents/Work/STM32/ARGUS_SOFT/h743_argus_S50MV85I_ExplorerApp/Argus_lib/ExplorerApp" -I"C:/Users/admin/Documents/Work/STM32/ARGUS_SOFT/h743_argus_S50MV85I_ExplorerApp/Argus_lib" -I"C:/Users/admin/Documents/Work/STM32/ARGUS_SOFT/h743_argus_S50MV85I_ExplorerApp/app_core" -I../Drivers/STM32H7xx_HAL_Driver/Inc -I../Drivers/STM32H7xx_HAL_Driver/Inc/Legacy -I../Drivers/CMSIS/Device/ST/STM32H7xx/Include -I../Drivers/CMSIS/Include -IC:/Users/admin/Documents/Work/STM32/ARGUS_SOFT/h743_argus_S50MV85I_ExplorerApp/../AFBR-S50-API/AFBR-S50/Include -O0 -ffunction-sections -fdata-sections -Wall -fstack-usage -fcyclomatic-complexity -MMD -MP -MF"Drivers/STM32H7xx_HAL_Driver/Src/stm32h7xx_hal_uart_ex.d" -MT"Drivers/STM32H7xx_HAL_Driver/Src/stm32h7xx_hal_uart_ex.o" --specs=nano.specs -mfpu=fpv5-d16 -mfloat-abi=hard -mthumb -o "Drivers/STM32H7xx_HAL_Driver/Src/stm32h7xx_hal_uart_ex.o"
arm-none-eabi-gcc -mcpu=cortex-m7 -g3 -DDEBUG -c -x assembler-with-cpp -MMD -MP -MF"Core/Startup/startup_stm32h723zgtx.d" -MT"Core/Startup/startup_stm32h723zgtx.o" --specs=nano.specs -mfpu=fpv5-d16 -mfloat-abi=hard -mthumb -o "Core/Startup/startup_stm32h723zgtx.o" "../Core/Startup/startup_stm32h723zgtx.s"
arm-none-eabi-gcc "../Core/Src/dma.c" -mcpu=cortex-m7 -std=gnu11 -g3 -DDEBUG -DUSE_HAL_DRIVER -DSTM32H723xx -c -I../Core/Inc -I"C:/Users/admin/Documents/Work/STM32/ARGUS_SOFT/h743_argus_S50MV85I_ExplorerApp/Argus_lib/ExampleApp" -I"C:/Users/admin/Documents/Work/STM32/ARGUS_SOFT/h743_argus_S50MV85I_ExplorerApp/Argus_lib/ExplorerApp" -I"C:/Users/admin/Documents/Work/STM32/ARGUS_SOFT/h743_argus_S50MV85I_ExplorerApp/Argus_lib" -I"C:/Users/admin/Documents/Work/STM32/ARGUS_SOFT/h743_argus_S50MV85I_ExplorerApp/app_core" -I../Drivers/STM32H7xx_HAL_Driver/Inc -I../Drivers/STM32H7xx_HAL_Driver/Inc/Legacy -I../Drivers/CMSIS/Device/ST/STM32H7xx/Include -I../Drivers/CMSIS/Include -IC:/Users/admin/Documents/Work/STM32/ARGUS_SOFT/h743_argus_S50MV85I_ExplorerApp/../AFBR-S50-API/AFBR-S50/Include -O0 -ffunction-sections -fdata-sections -Wall -fstack-usage -fcyclomatic-complexity -MMD -MP -MF"Core/Src/dma.d" -MT"Core/Src/dma.o" --specs=nano.specs -mfpu=fpv5-d16 -mfloat-abi=hard -mthumb -o "Core/Src/dma.o"
arm-none-eabi-gcc "../Core/Src/gpio.c" -mcpu=cortex-m7 -std=gnu11 -g3 -DDEBUG -DUSE_HAL_DRIVER -DSTM32H723xx -c -I../Core/Inc -I"C:/Users/admin/Documents/Work/STM32/ARGUS_SOFT/h743_argus_S50MV85I_ExplorerApp/Argus_lib/ExampleApp" -I"C:/Users/admin/Documents/Work/STM32/ARGUS_SOFT/h743_argus_S50MV85I_ExplorerApp/Argus_lib/ExplorerApp" -I"C:/Users/admin/Documents/Work/STM32/ARGUS_SOFT/h743_argus_S50MV85I_ExplorerApp/Argus_lib" -I"C:/Users/admin/Documents/Work/STM32/ARGUS_SOFT/h743_argus_S50MV85I_ExplorerApp/app_core" -I../Drivers/STM32H7xx_HAL_Driver/Inc -I../Drivers/STM32H7xx_HAL_Driver/Inc/Legacy -I../Drivers/CMSIS/Device/ST/STM32H7xx/Include -I../Drivers/CMSIS/Include -IC:/Users/admin/Documents/Work/STM32/ARGUS_SOFT/h743_argus_S50MV85I_ExplorerApp/../AFBR-S50-API/AFBR-S50/Include -O0 -ffunction-sections -fdata-sections -Wall -fstack-usage -fcyclomatic-complexity -MMD -MP -MF"Core/Src/gpio.d" -MT"Core/Src/gpio.o" --specs=nano.specs -mfpu=fpv5-d16 -mfloat-abi=hard -mthumb -o "Core/Src/gpio.o"
arm-none-eabi-gcc "../Core/Src/main.c" -mcpu=cortex-m7 -std=gnu11 -g3 -DDEBUG -DUSE_HAL_DRIVER -DSTM32H723xx -c -I../Core/Inc -I"C:/Users/admin/Documents/Work/STM32/ARGUS_SOFT/h743_argus_S50MV85I_ExplorerApp/Argus_lib/ExampleApp" -I"C:/Users/admin/Documents/Work/STM32/ARGUS_SOFT/h743_argus_S50MV85I_ExplorerApp/Argus_lib/ExplorerApp" -I"C:/Users/admin/Documents/Work/STM32/ARGUS_SOFT/h743_argus_S50MV85I_ExplorerApp/Argus_lib" -I"C:/Users/admin/Documents/Work/STM32/ARGUS_SOFT/h743_argus_S50MV85I_ExplorerApp/app_core" -I../Drivers/STM32H7xx_HAL_Driver/Inc -I../Drivers/STM32H7xx_HAL_Driver/Inc/Legacy -I../Drivers/CMSIS/Device/ST/STM32H7xx/Include -I../Drivers/CMSIS/Include -IC:/Users/admin/Documents/Work/STM32/ARGUS_SOFT/h743_argus_S50MV85I_ExplorerApp/../AFBR-S50-API/AFBR-S50/Include -O0 -ffunction-sections -fdata-sections -Wall -fstack-usage -fcyclomatic-complexity -MMD -MP -MF"Core/Src/main.d" -MT"Core/Src/main.o" --specs=nano.specs -mfpu=fpv5-d16 -mfloat-abi=hard -mthumb -o "Core/Src/main.o"
arm-none-eabi-gcc "../Core/Src/spi.c" -mcpu=cortex-m7 -std=gnu11 -g3 -DDEBUG -DUSE_HAL_DRIVER -DSTM32H723xx -c -I../Core/Inc -I"C:/Users/admin/Documents/Work/STM32/ARGUS_SOFT/h743_argus_S50MV85I_ExplorerApp/Argus_lib/ExampleApp" -I"C:/Users/admin/Documents/Work/STM32/ARGUS_SOFT/h743_argus_S50MV85I_ExplorerApp/Argus_lib/ExplorerApp" -I"C:/Users/admin/Documents/Work/STM32/ARGUS_SOFT/h743_argus_S50MV85I_ExplorerApp/Argus_lib" -I"C:/Users/admin/Documents/Work/STM32/ARGUS_SOFT/h743_argus_S50MV85I_ExplorerApp/app_core" -I../Drivers/STM32H7xx_HAL_Driver/Inc -I../Drivers/STM32H7xx_HAL_Driver/Inc/Legacy -I../Drivers/CMSIS/Device/ST/STM32H7xx/Include -I../Drivers/CMSIS/Include -IC:/Users/admin/Documents/Work/STM32/ARGUS_SOFT/h743_argus_S50MV85I_ExplorerApp/../AFBR-S50-API/AFBR-S50/Include -O0 -ffunction-sections -fdata-sections -Wall -fstack-usage -fcyclomatic-complexity -MMD -MP -MF"Core/Src/spi.d" -MT"Core/Src/spi.o" --specs=nano.specs -mfpu=fpv5-d16 -mfloat-abi=hard -mthumb -o "Core/Src/spi.o"
arm-none-eabi-gcc "../Core/Src/stm32h7xx_hal_msp.c" -mcpu=cortex-m7 -std=gnu11 -g3 -DDEBUG -DUSE_HAL_DRIVER -DSTM32H723xx -c -I../Core/Inc -I"C:/Users/admin/Documents/Work/STM32/ARGUS_SOFT/h743_argus_S50MV85I_ExplorerApp/Argus_lib/ExampleApp" -I"C:/Users/admin/Documents/Work/STM32/ARGUS_SOFT/h743_argus_S50MV85I_ExplorerApp/Argus_lib/ExplorerApp" -I"C:/Users/admin/Documents/Work/STM32/ARGUS_SOFT/h743_argus_S50MV85I_ExplorerApp/Argus_lib" -I"C:/Users/admin/Documents/Work/STM32/ARGUS_SOFT/h743_argus_S50MV85I_ExplorerApp/app_core" -I../Drivers/STM32H7xx_HAL_Driver/Inc -I../Drivers/STM32H7xx_HAL_Driver/Inc/Legacy -I../Drivers/CMSIS/Device/ST/STM32H7xx/Include -I../Drivers/CMSIS/Include -IC:/Users/admin/Documents/Work/STM32/ARGUS_SOFT/h743_argus_S50MV85I_ExplorerApp/../AFBR-S50-API/AFBR-S50/Include -O0 -ffunction-sections -fdata-sections -Wall -fstack-usage -fcyclomatic-complexity -MMD -MP -MF"Core/Src/stm32h7xx_hal_msp.d" -MT"Core/Src/stm32h7xx_hal_msp.o" --specs=nano.specs -mfpu=fpv5-d16 -mfloat-abi=hard -mthumb -o "Core/Src/stm32h7xx_hal_msp.o"
arm-none-eabi-gcc "../Core/Src/stm32h7xx_it.c" -mcpu=cortex-m7 -std=gnu11 -g3 -DDEBUG -DUSE_HAL_DRIVER -DSTM32H723xx -c -I../Core/Inc -I"C:/Users/admin/Documents/Work/STM32/ARGUS_SOFT/h743_argus_S50MV85I_ExplorerApp/Argus_lib/ExampleApp" -I"C:/Users/admin/Documents/Work/STM32/ARGUS_SOFT/h743_argus_S50MV85I_ExplorerApp/Argus_lib/ExplorerApp" -I"C:/Users/admin/Documents/Work/STM32/ARGUS_SOFT/h743_argus_S50MV85I_ExplorerApp/Argus_lib" -I"C:/Users/admin/Documents/Work/STM32/ARGUS_SOFT/h743_argus_S50MV85I_ExplorerApp/app_core" -I../Drivers/STM32H7xx_HAL_Driver/Inc -I../Drivers/STM32H7xx_HAL_Driver/Inc/Legacy -I../Drivers/CMSIS/Device/ST/STM32H7xx/Include -I../Drivers/CMSIS/Include -IC:/Users/admin/Documents/Work/STM32/ARGUS_SOFT/h743_argus_S50MV85I_ExplorerApp/../AFBR-S50-API/AFBR-S50/Include -O0 -ffunction-sections -fdata-sections -Wall -fstack-usage -fcyclomatic-complexity -MMD -MP -MF"Core/Src/stm32h7xx_it.d" -MT"Core/Src/stm32h7xx_it.o" --specs=nano.specs -mfpu=fpv5-d16 -mfloat-abi=hard -mthumb -o "Core/Src/stm32h7xx_it.o"
arm-none-eabi-gcc "../Core/Src/syscalls.c" -mcpu=cortex-m7 -std=gnu11 -g3 -DDEBUG -DUSE_HAL_DRIVER -DSTM32H723xx -c -I../Core/Inc -I"C:/Users/admin/Documents/Work/STM32/ARGUS_SOFT/h743_argus_S50MV85I_ExplorerApp/Argus_lib/ExampleApp" -I"C:/Users/admin/Documents/Work/STM32/ARGUS_SOFT/h743_argus_S50MV85I_ExplorerApp/Argus_lib/ExplorerApp" -I"C:/Users/admin/Documents/Work/STM32/ARGUS_SOFT/h743_argus_S50MV85I_ExplorerApp/Argus_lib" -I"C:/Users/admin/Documents/Work/STM32/ARGUS_SOFT/h743_argus_S50MV85I_ExplorerApp/app_core" -I../Drivers/STM32H7xx_HAL_Driver/Inc -I../Drivers/STM32H7xx_HAL_Driver/Inc/Legacy -I../Drivers/CMSIS/Device/ST/STM32H7xx/Include -I../Drivers/CMSIS/Include -IC:/Users/admin/Documents/Work/STM32/ARGUS_SOFT/h743_argus_S50MV85I_ExplorerApp/../AFBR-S50-API/AFBR-S50/Include -O0 -ffunction-sections -fdata-sections -Wall -fstack-usage -fcyclomatic-complexity -MMD -MP -MF"Core/Src/syscalls.d" -MT"Core/Src/syscalls.o" --specs=nano.specs -mfpu=fpv5-d16 -mfloat-abi=hard -mthumb -o "Core/Src/syscalls.o"
arm-none-eabi-gcc "../Core/Src/sysmem.c" -mcpu=cortex-m7 -std=gnu11 -g3 -DDEBUG -DUSE_HAL_DRIVER -DSTM32H723xx -c -I../Core/Inc -I"C:/Users/admin/Documents/Work/STM32/ARGUS_SOFT/h743_argus_S50MV85I_ExplorerApp/Argus_lib/ExampleApp" -I"C:/Users/admin/Documents/Work/STM32/ARGUS_SOFT/h743_argus_S50MV85I_ExplorerApp/Argus_lib/ExplorerApp" -I"C:/Users/admin/Documents/Work/STM32/ARGUS_SOFT/h743_argus_S50MV85I_ExplorerApp/Argus_lib" -I"C:/Users/admin/Documents/Work/STM32/ARGUS_SOFT/h743_argus_S50MV85I_ExplorerApp/app_core" -I../Drivers/STM32H7xx_HAL_Driver/Inc -I../Drivers/STM32H7xx_HAL_Driver/Inc/Legacy -I../Drivers/CMSIS/Device/ST/STM32H7xx/Include -I../Drivers/CMSIS/Include -IC:/Users/admin/Documents/Work/STM32/ARGUS_SOFT/h743_argus_S50MV85I_ExplorerApp/../AFBR-S50-API/AFBR-S50/Include -O0 -ffunction-sections -fdata-sections -Wall -fstack-usage -fcyclomatic-complexity -MMD -MP -MF"Core/Src/sysmem.d" -MT"Core/Src/sysmem.o" --specs=nano.specs -mfpu=fpv5-d16 -mfloat-abi=hard -mthumb -o "Core/Src/sysmem.o"
arm-none-eabi-gcc "../Core/Src/system_stm32h7xx.c" -mcpu=cortex-m7 -std=gnu11 -g3 -DDEBUG -DUSE_HAL_DRIVER -DSTM32H723xx -c -I../Core/Inc -I"C:/Users/admin/Documents/Work/STM32/ARGUS_SOFT/h743_argus_S50MV85I_ExplorerApp/Argus_lib/ExampleApp" -I"C:/Users/admin/Documents/Work/STM32/ARGUS_SOFT/h743_argus_S50MV85I_ExplorerApp/Argus_lib/ExplorerApp" -I"C:/Users/admin/Documents/Work/STM32/ARGUS_SOFT/h743_argus_S50MV85I_ExplorerApp/Argus_lib" -I"C:/Users/admin/Documents/Work/STM32/ARGUS_SOFT/h743_argus_S50MV85I_ExplorerApp/app_core" -I../Drivers/STM32H7xx_HAL_Driver/Inc -I../Drivers/STM32H7xx_HAL_Driver/Inc/Legacy -I../Drivers/CMSIS/Device/ST/STM32H7xx/Include -I../Drivers/CMSIS/Include -IC:/Users/admin/Documents/Work/STM32/ARGUS_SOFT/h743_argus_S50MV85I_ExplorerApp/../AFBR-S50-API/AFBR-S50/Include -O0 -ffunction-sections -fdata-sections -Wall -fstack-usage -fcyclomatic-complexity -MMD -MP -MF"Core/Src/system_stm32h7xx.d" -MT"Core/Src/system_stm32h7xx.o" --specs=nano.specs -mfpu=fpv5-d16 -mfloat-abi=hard -mthumb -o "Core/Src/system_stm32h7xx.o"
arm-none-eabi-gcc "../Core/Src/tim.c" -mcpu=cortex-m7 -std=gnu11 -g3 -DDEBUG -DUSE_HAL_DRIVER -DSTM32H723xx -c -I../Core/Inc -I"C:/Users/admin/Documents/Work/STM32/ARGUS_SOFT/h743_argus_S50MV85I_ExplorerApp/Argus_lib/ExampleApp" -I"C:/Users/admin/Documents/Work/STM32/ARGUS_SOFT/h743_argus_S50MV85I_ExplorerApp/Argus_lib/ExplorerApp" -I"C:/Users/admin/Documents/Work/STM32/ARGUS_SOFT/h743_argus_S50MV85I_ExplorerApp/Argus_lib" -I"C:/Users/admin/Documents/Work/STM32/ARGUS_SOFT/h743_argus_S50MV85I_ExplorerApp/app_core" -I../Drivers/STM32H7xx_HAL_Driver/Inc -I../Drivers/STM32H7xx_HAL_Driver/Inc/Legacy -I../Drivers/CMSIS/Device/ST/STM32H7xx/Include -I../Drivers/CMSIS/Include -IC:/Users/admin/Documents/Work/STM32/ARGUS_SOFT/h743_argus_S50MV85I_ExplorerApp/../AFBR-S50-API/AFBR-S50/Include -O0 -ffunction-sections -fdata-sections -Wall -fstack-usage -fcyclomatic-complexity -MMD -MP -MF"Core/Src/tim.d" -MT"Core/Src/tim.o" --specs=nano.specs -mfpu=fpv5-d16 -mfloat-abi=hard -mthumb -o "Core/Src/tim.o"
arm-none-eabi-gcc "../Core/Src/usart.c" -mcpu=cortex-m7 -std=gnu11 -g3 -DDEBUG -DUSE_HAL_DRIVER -DSTM32H723xx -c -I../Core/Inc -I"C:/Users/admin/Documents/Work/STM32/ARGUS_SOFT/h743_argus_S50MV85I_ExplorerApp/Argus_lib/ExampleApp" -I"C:/Users/admin/Documents/Work/STM32/ARGUS_SOFT/h743_argus_S50MV85I_ExplorerApp/Argus_lib/ExplorerApp" -I"C:/Users/admin/Documents/Work/STM32/ARGUS_SOFT/h743_argus_S50MV85I_ExplorerApp/Argus_lib" -I"C:/Users/admin/Documents/Work/STM32/ARGUS_SOFT/h743_argus_S50MV85I_ExplorerApp/app_core" -I../Drivers/STM32H7xx_HAL_Driver/Inc -I../Drivers/STM32H7xx_HAL_Driver/Inc/Legacy -I../Drivers/CMSIS/Device/ST/STM32H7xx/Include -I../Drivers/CMSIS/Include -IC:/Users/admin/Documents/Work/STM32/ARGUS_SOFT/h743_argus_S50MV85I_ExplorerApp/../AFBR-S50-API/AFBR-S50/Include -O0 -ffunction-sections -fdata-sections -Wall -fstack-usage -fcyclomatic-complexity -MMD -MP -MF"Core/Src/usart.d" -MT"Core/Src/usart.o" --specs=nano.specs -mfpu=fpv5-d16 -mfloat-abi=hard -mthumb -o "Core/Src/usart.o"
arm-none-eabi-gcc "../Argus_lib/utility/debug.c" -mcpu=cortex-m7 -std=gnu11 -g3 -DDEBUG -DUSE_HAL_DRIVER -DSTM32H723xx -c -I../Core/Inc -I"C:/Users/admin/Documents/Work/STM32/ARGUS_SOFT/h743_argus_S50MV85I_ExplorerApp/Argus_lib/ExampleApp" -I"C:/Users/admin/Documents/Work/STM32/ARGUS_SOFT/h743_argus_S50MV85I_ExplorerApp/Argus_lib/ExplorerApp" -I"C:/Users/admin/Documents/Work/STM32/ARGUS_SOFT/h743_argus_S50MV85I_ExplorerApp/Argus_lib" -I"C:/Users/admin/Documents/Work/STM32/ARGUS_SOFT/h743_argus_S50MV85I_ExplorerApp/app_core" -I../Drivers/STM32H7xx_HAL_Driver/Inc -I../Drivers/STM32H7xx_HAL_Driver/Inc/Legacy -I../Drivers/CMSIS/Device/ST/STM32H7xx/Include -I../Drivers/CMSIS/Include -IC:/Users/admin/Documents/Work/STM32/ARGUS_SOFT/h743_argus_S50MV85I_ExplorerApp/../AFBR-S50-API/AFBR-S50/Include -O0 -ffunction-sections -fdata-sections -Wall -fstack-usage -fcyclomatic-complexity -MMD -MP -MF"Argus_lib/utility/debug.d" -MT"Argus_lib/utility/debug.o" --specs=nano.specs -mfpu=fpv5-d16 -mfloat-abi=hard -mthumb -o "Argus_lib/utility/debug.o"
arm-none-eabi-gcc "../Argus_lib/utility/my_printf.c" -mcpu=cortex-m7 -std=gnu11 -g3 -DDEBUG -DUSE_HAL_DRIVER -DSTM32H723xx -c -I../Core/Inc -I"C:/Users/admin/Documents/Work/STM32/ARGUS_SOFT/h743_argus_S50MV85I_ExplorerApp/Argus_lib/ExampleApp" -I"C:/Users/admin/Documents/Work/STM32/ARGUS_SOFT/h743_argus_S50MV85I_ExplorerApp/Argus_lib/ExplorerApp" -I"C:/Users/admin/Documents/Work/STM32/ARGUS_SOFT/h743_argus_S50MV85I_ExplorerApp/Argus_lib" -I"C:/Users/admin/Documents/Work/STM32/ARGUS_SOFT/h743_argus_S50MV85I_ExplorerApp/app_core" -I../Drivers/STM32H7xx_HAL_Driver/Inc -I../Drivers/STM32H7xx_HAL_Driver/Inc/Legacy -I../Drivers/CMSIS/Device/ST/STM32H7xx/Include -I../Drivers/CMSIS/Include -IC:/Users/admin/Documents/Work/STM32/ARGUS_SOFT/h743_argus_S50MV85I_ExplorerApp/../AFBR-S50-API/AFBR-S50/Include -O0 -ffunction-sections -fdata-sections -Wall -fstack-usage -fcyclomatic-complexity -MMD -MP -MF"Argus_lib/utility/my_printf.d" -MT"Argus_lib/utility/my_printf.o" --specs=nano.specs -mfpu=fpv5-d16 -mfloat-abi=hard -mthumb -o "Argus_lib/utility/my_printf.o"
arm-none-eabi-gcc "../Argus_lib/test/argus_hal_test.c" -mcpu=cortex-m7 -std=gnu11 -g3 -DDEBUG -DUSE_HAL_DRIVER -DSTM32H723xx -c -I../Core/Inc -I"C:/Users/admin/Documents/Work/STM32/ARGUS_SOFT/h743_argus_S50MV85I_ExplorerApp/Argus_lib/ExampleApp" -I"C:/Users/admin/Documents/Work/STM32/ARGUS_SOFT/h743_argus_S50MV85I_ExplorerApp/Argus_lib/ExplorerApp" -I"C:/Users/admin/Documents/Work/STM32/ARGUS_SOFT/h743_argus_S50MV85I_ExplorerApp/Argus_lib" -I"C:/Users/admin/Documents/Work/STM32/ARGUS_SOFT/h743_argus_S50MV85I_ExplorerApp/app_core" -I../Drivers/STM32H7xx_HAL_Driver/Inc -I../Drivers/STM32H7xx_HAL_Driver/Inc/Legacy -I../Drivers/CMSIS/Device/ST/STM32H7xx/Include -I../Drivers/CMSIS/Include -IC:/Users/admin/Documents/Work/STM32/ARGUS_SOFT/h743_argus_S50MV85I_ExplorerApp/../AFBR-S50-API/AFBR-S50/Include -O0 -ffunction-sections -fdata-sections -Wall -fstack-usage -fcyclomatic-complexity -MMD -MP -MF"Argus_lib/test/argus_hal_test.d" -MT"Argus_lib/test/argus_hal_test.o" --specs=nano.specs -mfpu=fpv5-d16 -mfloat-abi=hard -mthumb -o "Argus_lib/test/argus_hal_test.o"
arm-none-eabi-gcc "../Argus_lib/board/board.c" -mcpu=cortex-m7 -std=gnu11 -g3 -DDEBUG -DUSE_HAL_DRIVER -DSTM32H723xx -c -I../Core/Inc -I"C:/Users/admin/Documents/Work/STM32/ARGUS_SOFT/h743_argus_S50MV85I_ExplorerApp/Argus_lib/ExampleApp" -I"C:/Users/admin/Documents/Work/STM32/ARGUS_SOFT/h743_argus_S50MV85I_ExplorerApp/Argus_lib/ExplorerApp" -I"C:/Users/admin/Documents/Work/STM32/ARGUS_SOFT/h743_argus_S50MV85I_ExplorerApp/Argus_lib" -I"C:/Users/admin/Documents/Work/STM32/ARGUS_SOFT/h743_argus_S50MV85I_ExplorerApp/app_core" -I../Drivers/STM32H7xx_HAL_Driver/Inc -I../Drivers/STM32H7xx_HAL_Driver/Inc/Legacy -I../Drivers/CMSIS/Device/ST/STM32H7xx/Include -I../Drivers/CMSIS/Include -IC:/Users/admin/Documents/Work/STM32/ARGUS_SOFT/h743_argus_S50MV85I_ExplorerApp/../AFBR-S50-API/AFBR-S50/Include -O0 -ffunction-sections -fdata-sections -Wall -fstack-usage -fcyclomatic-complexity -MMD -MP -MF"Argus_lib/board/board.d" -MT"Argus_lib/board/board.o" --specs=nano.specs -mfpu=fpv5-d16 -mfloat-abi=hard -mthumb -o "Argus_lib/board/board.o"
arm-none-eabi-gcc "../Argus_lib/board/irq.c" -mcpu=cortex-m7 -std=gnu11 -g3 -DDEBUG -DUSE_HAL_DRIVER -DSTM32H723xx -c -I../Core/Inc -I"C:/Users/admin/Documents/Work/STM32/ARGUS_SOFT/h743_argus_S50MV85I_ExplorerApp/Argus_lib/ExampleApp" -I"C:/Users/admin/Documents/Work/STM32/ARGUS_SOFT/h743_argus_S50MV85I_ExplorerApp/Argus_lib/ExplorerApp" -I"C:/Users/admin/Documents/Work/STM32/ARGUS_SOFT/h743_argus_S50MV85I_ExplorerApp/Argus_lib" -I"C:/Users/admin/Documents/Work/STM32/ARGUS_SOFT/h743_argus_S50MV85I_ExplorerApp/app_core" -I../Drivers/STM32H7xx_HAL_Driver/Inc -I../Drivers/STM32H7xx_HAL_Driver/Inc/Legacy -I../Drivers/CMSIS/Device/ST/STM32H7xx/Include -I../Drivers/CMSIS/Include -IC:/Users/admin/Documents/Work/STM32/ARGUS_SOFT/h743_argus_S50MV85I_ExplorerApp/../AFBR-S50-API/AFBR-S50/Include -O0 -ffunction-sections -fdata-sections -Wall -fstack-usage -fcyclomatic-complexity -MMD -MP -MF"Argus_lib/board/irq.d" -MT"Argus_lib/board/irq.o" --specs=nano.specs -mfpu=fpv5-d16 -mfloat-abi=hard -mthumb -o "Argus_lib/board/irq.o"
arm-none-eabi-gcc "../Argus_lib/board/nvm.c" -mcpu=cortex-m7 -std=gnu11 -g3 -DDEBUG -DUSE_HAL_DRIVER -DSTM32H723xx -c -I../Core/Inc -I"C:/Users/admin/Documents/Work/STM32/ARGUS_SOFT/h743_argus_S50MV85I_ExplorerApp/Argus_lib/ExampleApp" -I"C:/Users/admin/Documents/Work/STM32/ARGUS_SOFT/h743_argus_S50MV85I_ExplorerApp/Argus_lib/ExplorerApp" -I"C:/Users/admin/Documents/Work/STM32/ARGUS_SOFT/h743_argus_S50MV85I_ExplorerApp/Argus_lib" -I"C:/Users/admin/Documents/Work/STM32/ARGUS_SOFT/h743_argus_S50MV85I_ExplorerApp/app_core" -I../Drivers/STM32H7xx_HAL_Driver/Inc -I../Drivers/STM32H7xx_HAL_Driver/Inc/Legacy -I../Drivers/CMSIS/Device/ST/STM32H7xx/Include -I../Drivers/CMSIS/Include -IC:/Users/admin/Documents/Work/STM32/ARGUS_SOFT/h743_argus_S50MV85I_ExplorerApp/../AFBR-S50-API/AFBR-S50/Include -O0 -ffunction-sections -fdata-sections -Wall -fstack-usage -fcyclomatic-complexity -MMD -MP -MF"Argus_lib/board/nvm.d" -MT"Argus_lib/board/nvm.o" --specs=nano.specs -mfpu=fpv5-d16 -mfloat-abi=hard -mthumb -o "Argus_lib/board/nvm.o"
arm-none-eabi-gcc "../Argus_lib/board/s2pi.c" -mcpu=cortex-m7 -std=gnu11 -g3 -DDEBUG -DUSE_HAL_DRIVER -DSTM32H723xx -c -I../Core/Inc -I"C:/Users/admin/Documents/Work/STM32/ARGUS_SOFT/h743_argus_S50MV85I_ExplorerApp/Argus_lib/ExampleApp" -I"C:/Users/admin/Documents/Work/STM32/ARGUS_SOFT/h743_argus_S50MV85I_ExplorerApp/Argus_lib/ExplorerApp" -I"C:/Users/admin/Documents/Work/STM32/ARGUS_SOFT/h743_argus_S50MV85I_ExplorerApp/Argus_lib" -I"C:/Users/admin/Documents/Work/STM32/ARGUS_SOFT/h743_argus_S50MV85I_ExplorerApp/app_core" -I../Drivers/STM32H7xx_HAL_Driver/Inc -I../Drivers/STM32H7xx_HAL_Driver/Inc/Legacy -I../Drivers/CMSIS/Device/ST/STM32H7xx/Include -I../Drivers/CMSIS/Include -IC:/Users/admin/Documents/Work/STM32/ARGUS_SOFT/h743_argus_S50MV85I_ExplorerApp/../AFBR-S50-API/AFBR-S50/Include -O0 -ffunction-sections -fdata-sections -Wall -fstack-usage -fcyclomatic-complexity -MMD -MP -MF"Argus_lib/board/s2pi.d" -MT"Argus_lib/board/s2pi.o" --specs=nano.specs -mfpu=fpv5-d16 -mfloat-abi=hard -mthumb -o "Argus_lib/board/s2pi.o"
arm-none-eabi-gcc "../Argus_lib/board/timer.c" -mcpu=cortex-m7 -std=gnu11 -g3 -DDEBUG -DUSE_HAL_DRIVER -DSTM32H723xx -c -I../Core/Inc -I"C:/Users/admin/Documents/Work/STM32/ARGUS_SOFT/h743_argus_S50MV85I_ExplorerApp/Argus_lib/ExampleApp" -I"C:/Users/admin/Documents/Work/STM32/ARGUS_SOFT/h743_argus_S50MV85I_ExplorerApp/Argus_lib/ExplorerApp" -I"C:/Users/admin/Documents/Work/STM32/ARGUS_SOFT/h743_argus_S50MV85I_ExplorerApp/Argus_lib" -I"C:/Users/admin/Documents/Work/STM32/ARGUS_SOFT/h743_argus_S50MV85I_ExplorerApp/app_core" -I../Drivers/STM32H7xx_HAL_Driver/Inc -I../Drivers/STM32H7xx_HAL_Driver/Inc/Legacy -I../Drivers/CMSIS/Device/ST/STM32H7xx/Include -I../Drivers/CMSIS/Include -IC:/Users/admin/Documents/Work/STM32/ARGUS_SOFT/h743_argus_S50MV85I_ExplorerApp/../AFBR-S50-API/AFBR-S50/Include -O0 -ffunction-sections -fdata-sections -Wall -fstack-usage -fcyclomatic-complexity -MMD -MP -MF"Argus_lib/board/timer.d" -MT"Argus_lib/board/timer.o" --specs=nano.specs -mfpu=fpv5-d16 -mfloat-abi=hard -mthumb -o "Argus_lib/board/timer.o"
arm-none-eabi-gcc "../Argus_lib/board/uart.c" -mcpu=cortex-m7 -std=gnu11 -g3 -DDEBUG -DUSE_HAL_DRIVER -DSTM32H723xx -c -I../Core/Inc -I"C:/Users/admin/Documents/Work/STM32/ARGUS_SOFT/h743_argus_S50MV85I_ExplorerApp/Argus_lib/ExampleApp" -I"C:/Users/admin/Documents/Work/STM32/ARGUS_SOFT/h743_argus_S50MV85I_ExplorerApp/Argus_lib/ExplorerApp" -I"C:/Users/admin/Documents/Work/STM32/ARGUS_SOFT/h743_argus_S50MV85I_ExplorerApp/Argus_lib" -I"C:/Users/admin/Documents/Work/STM32/ARGUS_SOFT/h743_argus_S50MV85I_ExplorerApp/app_core" -I../Drivers/STM32H7xx_HAL_Driver/Inc -I../Drivers/STM32H7xx_HAL_Driver/Inc/Legacy -I../Drivers/CMSIS/Device/ST/STM32H7xx/Include -I../Drivers/CMSIS/Include -IC:/Users/admin/Documents/Work/STM32/ARGUS_SOFT/h743_argus_S50MV85I_ExplorerApp/../AFBR-S50-API/AFBR-S50/Include -O0 -ffunction-sections -fdata-sections -Wall -fstack-usage -fcyclomatic-complexity -MMD -MP -MF"Argus_lib/board/uart.d" -MT"Argus_lib/board/uart.o" --specs=nano.specs -mfpu=fpv5-d16 -mfloat-abi=hard -mthumb -o "Argus_lib/board/uart.o"
arm-none-eabi-gcc "../Argus_lib/Xtalk-CLI/argus_xtalk_cal_cli.c" -mcpu=cortex-m7 -std=gnu11 -g3 -DDEBUG -DUSE_HAL_DRIVER -DSTM32H723xx -c -I../Core/Inc -I"C:/Users/admin/Documents/Work/STM32/ARGUS_SOFT/h743_argus_S50MV85I_ExplorerApp/Argus_lib/ExampleApp" -I"C:/Users/admin/Documents/Work/STM32/ARGUS_SOFT/h743_argus_S50MV85I_ExplorerApp/Argus_lib/ExplorerApp" -I"C:/Users/admin/Documents/Work/STM32/ARGUS_SOFT/h743_argus_S50MV85I_ExplorerApp/Argus_lib" -I"C:/Users/admin/Documents/Work/STM32/ARGUS_SOFT/h743_argus_S50MV85I_ExplorerApp/app_core" -I../Drivers/STM32H7xx_HAL_Driver/Inc -I../Drivers/STM32H7xx_HAL_Driver/Inc/Legacy -I../Drivers/CMSIS/Device/ST/STM32H7xx/Include -I../Drivers/CMSIS/Include -IC:/Users/admin/Documents/Work/STM32/ARGUS_SOFT/h743_argus_S50MV85I_ExplorerApp/../AFBR-S50-API/AFBR-S50/Include -O0 -ffunction-sections -fdata-sections -Wall -fstack-usage -fcyclomatic-complexity -MMD -MP -MF"Argus_lib/Xtalk-CLI/argus_xtalk_cal_cli.d" -MT"Argus_lib/Xtalk-CLI/argus_xtalk_cal_cli.o" --specs=nano.specs -mfpu=fpv5-d16 -mfloat-abi=hard -mthumb -o "Argus_lib/Xtalk-CLI/argus_xtalk_cal_cli.o"
arm-none-eabi-gcc "../Argus_lib/ExplorerApp/tasks/task_profiler.c" -mcpu=cortex-m7 -std=gnu11 -g3 -DDEBUG -DUSE_HAL_DRIVER -DSTM32H723xx -c -I../Core/Inc -I"C:/Users/admin/Documents/Work/STM32/ARGUS_SOFT/h743_argus_S50MV85I_ExplorerApp/Argus_lib/ExampleApp" -I"C:/Users/admin/Documents/Work/STM32/ARGUS_SOFT/h743_argus_S50MV85I_ExplorerApp/Argus_lib/ExplorerApp" -I"C:/Users/admin/Documents/Work/STM32/ARGUS_SOFT/h743_argus_S50MV85I_ExplorerApp/Argus_lib" -I"C:/Users/admin/Documents/Work/STM32/ARGUS_SOFT/h743_argus_S50MV85I_ExplorerApp/app_core" -I../Drivers/STM32H7xx_HAL_Driver/Inc -I../Drivers/STM32H7xx_HAL_Driver/Inc/Legacy -I../Drivers/CMSIS/Device/ST/STM32H7xx/Include -I../Drivers/CMSIS/Include -IC:/Users/admin/Documents/Work/STM32/ARGUS_SOFT/h743_argus_S50MV85I_ExplorerApp/../AFBR-S50-API/AFBR-S50/Include -O0 -ffunction-sections -fdata-sections -Wall -fstack-usage -fcyclomatic-complexity -MMD -MP -MF"Argus_lib/ExplorerApp/tasks/task_profiler.d" -MT"Argus_lib/ExplorerApp/tasks/task_profiler.o" --specs=nano.specs -mfpu=fpv5-d16 -mfloat-abi=hard -mthumb -o "Argus_lib/ExplorerApp/tasks/task_profiler.o"
arm-none-eabi-gcc "../Argus_lib/ExplorerApp/tasks/task_scheduler.c" -mcpu=cortex-m7 -std=gnu11 -g3 -DDEBUG -DUSE_HAL_DRIVER -DSTM32H723xx -c -I../Core/Inc -I"C:/Users/admin/Documents/Work/STM32/ARGUS_SOFT/h743_argus_S50MV85I_ExplorerApp/Argus_lib/ExampleApp" -I"C:/Users/admin/Documents/Work/STM32/ARGUS_SOFT/h743_argus_S50MV85I_ExplorerApp/Argus_lib/ExplorerApp" -I"C:/Users/admin/Documents/Work/STM32/ARGUS_SOFT/h743_argus_S50MV85I_ExplorerApp/Argus_lib" -I"C:/Users/admin/Documents/Work/STM32/ARGUS_SOFT/h743_argus_S50MV85I_ExplorerApp/app_core" -I../Drivers/STM32H7xx_HAL_Driver/Inc -I../Drivers/STM32H7xx_HAL_Driver/Inc/Legacy -I../Drivers/CMSIS/Device/ST/STM32H7xx/Include -I../Drivers/CMSIS/Include -IC:/Users/admin/Documents/Work/STM32/ARGUS_SOFT/h743_argus_S50MV85I_ExplorerApp/../AFBR-S50-API/AFBR-S50/Include -O0 -ffunction-sections -fdata-sections -Wall -fstack-usage -fcyclomatic-complexity -MMD -MP -MF"Argus_lib/ExplorerApp/tasks/task_scheduler.d" -MT"Argus_lib/ExplorerApp/tasks/task_scheduler.o" --specs=nano.specs -mfpu=fpv5-d16 -mfloat-abi=hard -mthumb -o "Argus_lib/ExplorerApp/tasks/task_scheduler.o"
arm-none-eabi-gcc "../Argus_lib/ExplorerApp/sci/sci.c" -mcpu=cortex-m7 -std=gnu11 -g3 -DDEBUG -DUSE_HAL_DRIVER -DSTM32H723xx -c -I../Core/Inc -I"C:/Users/admin/Documents/Work/STM32/ARGUS_SOFT/h743_argus_S50MV85I_ExplorerApp/Argus_lib/ExampleApp" -I"C:/Users/admin/Documents/Work/STM32/ARGUS_SOFT/h743_argus_S50MV85I_ExplorerApp/Argus_lib/ExplorerApp" -I"C:/Users/admin/Documents/Work/STM32/ARGUS_SOFT/h743_argus_S50MV85I_ExplorerApp/Argus_lib" -I"C:/Users/admin/Documents/Work/STM32/ARGUS_SOFT/h743_argus_S50MV85I_ExplorerApp/app_core" -I../Drivers/STM32H7xx_HAL_Driver/Inc -I../Drivers/STM32H7xx_HAL_Driver/Inc/Legacy -I../Drivers/CMSIS/Device/ST/STM32H7xx/Include -I../Drivers/CMSIS/Include -IC:/Users/admin/Documents/Work/STM32/ARGUS_SOFT/h743_argus_S50MV85I_ExplorerApp/../AFBR-S50-API/AFBR-S50/Include -O0 -ffunction-sections -fdata-sections -Wall -fstack-usage -fcyclomatic-complexity -MMD -MP -MF"Argus_lib/ExplorerApp/sci/sci.d" -MT"Argus_lib/ExplorerApp/sci/sci.o" --specs=nano.specs -mfpu=fpv5-d16 -mfloat-abi=hard -mthumb -o "Argus_lib/ExplorerApp/sci/sci.o"
arm-none-eabi-gcc "../Argus_lib/ExplorerApp/sci/sci_cmd.c" -mcpu=cortex-m7 -std=gnu11 -g3 -DDEBUG -DUSE_HAL_DRIVER -DSTM32H723xx -c -I../Core/Inc -I"C:/Users/admin/Documents/Work/STM32/ARGUS_SOFT/h743_argus_S50MV85I_ExplorerApp/Argus_lib/ExampleApp" -I"C:/Users/admin/Documents/Work/STM32/ARGUS_SOFT/h743_argus_S50MV85I_ExplorerApp/Argus_lib/ExplorerApp" -I"C:/Users/admin/Documents/Work/STM32/ARGUS_SOFT/h743_argus_S50MV85I_ExplorerApp/Argus_lib" -I"C:/Users/admin/Documents/Work/STM32/ARGUS_SOFT/h743_argus_S50MV85I_ExplorerApp/app_core" -I../Drivers/STM32H7xx_HAL_Driver/Inc -I../Drivers/STM32H7xx_HAL_Driver/Inc/Legacy -I../Drivers/CMSIS/Device/ST/STM32H7xx/Include -I../Drivers/CMSIS/Include -IC:/Users/admin/Documents/Work/STM32/ARGUS_SOFT/h743_argus_S50MV85I_ExplorerApp/../AFBR-S50-API/AFBR-S50/Include -O0 -ffunction-sections -fdata-sections -Wall -fstack-usage -fcyclomatic-complexity -MMD -MP -MF"Argus_lib/ExplorerApp/sci/sci_cmd.d" -MT"Argus_lib/ExplorerApp/sci/sci_cmd.o" --specs=nano.specs -mfpu=fpv5-d16 -mfloat-abi=hard -mthumb -o "Argus_lib/ExplorerApp/sci/sci_cmd.o"
arm-none-eabi-gcc "../Argus_lib/ExplorerApp/sci/sci_crc8.c" -mcpu=cortex-m7 -std=gnu11 -g3 -DDEBUG -DUSE_HAL_DRIVER -DSTM32H723xx -c -I../Core/Inc -I"C:/Users/admin/Documents/Work/STM32/ARGUS_SOFT/h743_argus_S50MV85I_ExplorerApp/Argus_lib/ExampleApp" -I"C:/Users/admin/Documents/Work/STM32/ARGUS_SOFT/h743_argus_S50MV85I_ExplorerApp/Argus_lib/ExplorerApp" -I"C:/Users/admin/Documents/Work/STM32/ARGUS_SOFT/h743_argus_S50MV85I_ExplorerApp/Argus_lib" -I"C:/Users/admin/Documents/Work/STM32/ARGUS_SOFT/h743_argus_S50MV85I_ExplorerApp/app_core" -I../Drivers/STM32H7xx_HAL_Driver/Inc -I../Drivers/STM32H7xx_HAL_Driver/Inc/Legacy -I../Drivers/CMSIS/Device/ST/STM32H7xx/Include -I../Drivers/CMSIS/Include -IC:/Users/admin/Documents/Work/STM32/ARGUS_SOFT/h743_argus_S50MV85I_ExplorerApp/../AFBR-S50-API/AFBR-S50/Include -O0 -ffunction-sections -fdata-sections -Wall -fstack-usage -fcyclomatic-complexity -MMD -MP -MF"Argus_lib/ExplorerApp/sci/sci_crc8.d" -MT"Argus_lib/ExplorerApp/sci/sci_crc8.o" --specs=nano.specs -mfpu=fpv5-d16 -mfloat-abi=hard -mthumb -o "Argus_lib/ExplorerApp/sci/sci_crc8.o"
arm-none-eabi-gcc "../Argus_lib/ExplorerApp/sci/sci_datalink.c" -mcpu=cortex-m7 -std=gnu11 -g3 -DDEBUG -DUSE_HAL_DRIVER -DSTM32H723xx -c -I../Core/Inc -I"C:/Users/admin/Documents/Work/STM32/ARGUS_SOFT/h743_argus_S50MV85I_ExplorerApp/Argus_lib/ExampleApp" -I"C:/Users/admin/Documents/Work/STM32/ARGUS_SOFT/h743_argus_S50MV85I_ExplorerApp/Argus_lib/ExplorerApp" -I"C:/Users/admin/Documents/Work/STM32/ARGUS_SOFT/h743_argus_S50MV85I_ExplorerApp/Argus_lib" -I"C:/Users/admin/Documents/Work/STM32/ARGUS_SOFT/h743_argus_S50MV85I_ExplorerApp/app_core" -I../Drivers/STM32H7xx_HAL_Driver/Inc -I../Drivers/STM32H7xx_HAL_Driver/Inc/Legacy -I../Drivers/CMSIS/Device/ST/STM32H7xx/Include -I../Drivers/CMSIS/Include -IC:/Users/admin/Documents/Work/STM32/ARGUS_SOFT/h743_argus_S50MV85I_ExplorerApp/../AFBR-S50-API/AFBR-S50/Include -O0 -ffunction-sections -fdata-sections -Wall -fstack-usage -fcyclomatic-complexity -MMD -MP -MF"Argus_lib/ExplorerApp/sci/sci_datalink.d" -MT"Argus_lib/ExplorerApp/sci/sci_datalink.o" --specs=nano.specs -mfpu=fpv5-d16 -mfloat-abi=hard -mthumb -o "Argus_lib/ExplorerApp/sci/sci_datalink.o"
arm-none-eabi-gcc "../Argus_lib/ExplorerApp/sci/sci_frame.c" -mcpu=cortex-m7 -std=gnu11 -g3 -DDEBUG -DUSE_HAL_DRIVER -DSTM32H723xx -c -I../Core/Inc -I"C:/Users/admin/Documents/Work/STM32/ARGUS_SOFT/h743_argus_S50MV85I_ExplorerApp/Argus_lib/ExampleApp" -I"C:/Users/admin/Documents/Work/STM32/ARGUS_SOFT/h743_argus_S50MV85I_ExplorerApp/Argus_lib/ExplorerApp" -I"C:/Users/admin/Documents/Work/STM32/ARGUS_SOFT/h743_argus_S50MV85I_ExplorerApp/Argus_lib" -I"C:/Users/admin/Documents/Work/STM32/ARGUS_SOFT/h743_argus_S50MV85I_ExplorerApp/app_core" -I../Drivers/STM32H7xx_HAL_Driver/Inc -I../Drivers/STM32H7xx_HAL_Driver/Inc/Legacy -I../Drivers/CMSIS/Device/ST/STM32H7xx/Include -I../Drivers/CMSIS/Include -IC:/Users/admin/Documents/Work/STM32/ARGUS_SOFT/h743_argus_S50MV85I_ExplorerApp/../AFBR-S50-API/AFBR-S50/Include -O0 -ffunction-sections -fdata-sections -Wall -fstack-usage -fcyclomatic-complexity -MMD -MP -MF"Argus_lib/ExplorerApp/sci/sci_frame.d" -MT"Argus_lib/ExplorerApp/sci/sci_frame.o" --specs=nano.specs -mfpu=fpv5-d16 -mfloat-abi=hard -mthumb -o "Argus_lib/ExplorerApp/sci/sci_frame.o"
arm-none-eabi-gcc "../Argus_lib/ExplorerApp/sci/sci_handshaking.c" -mcpu=cortex-m7 -std=gnu11 -g3 -DDEBUG -DUSE_HAL_DRIVER -DSTM32H723xx -c -I../Core/Inc -I"C:/Users/admin/Documents/Work/STM32/ARGUS_SOFT/h743_argus_S50MV85I_ExplorerApp/Argus_lib/ExampleApp" -I"C:/Users/admin/Documents/Work/STM32/ARGUS_SOFT/h743_argus_S50MV85I_ExplorerApp/Argus_lib/ExplorerApp" -I"C:/Users/admin/Documents/Work/STM32/ARGUS_SOFT/h743_argus_S50MV85I_ExplorerApp/Argus_lib" -I"C:/Users/admin/Documents/Work/STM32/ARGUS_SOFT/h743_argus_S50MV85I_ExplorerApp/app_core" -I../Drivers/STM32H7xx_HAL_Driver/Inc -I../Drivers/STM32H7xx_HAL_Driver/Inc/Legacy -I../Drivers/CMSIS/Device/ST/STM32H7xx/Include -I../Drivers/CMSIS/Include -IC:/Users/admin/Documents/Work/STM32/ARGUS_SOFT/h743_argus_S50MV85I_ExplorerApp/../AFBR-S50-API/AFBR-S50/Include -O0 -ffunction-sections -fdata-sections -Wall -fstack-usage -fcyclomatic-complexity -MMD -MP -MF"Argus_lib/ExplorerApp/sci/sci_handshaking.d" -MT"Argus_lib/ExplorerApp/sci/sci_handshaking.o" --specs=nano.specs -mfpu=fpv5-d16 -mfloat-abi=hard -mthumb -o "Argus_lib/ExplorerApp/sci/sci_handshaking.o"
arm-none-eabi-gcc "../Argus_lib/ExplorerApp/sci/sci_log.c" -mcpu=cortex-m7 -std=gnu11 -g3 -DDEBUG -DUSE_HAL_DRIVER -DSTM32H723xx -c -I../Core/Inc -I"C:/Users/admin/Documents/Work/STM32/ARGUS_SOFT/h743_argus_S50MV85I_ExplorerApp/Argus_lib/ExampleApp" -I"C:/Users/admin/Documents/Work/STM32/ARGUS_SOFT/h743_argus_S50MV85I_ExplorerApp/Argus_lib/ExplorerApp" -I"C:/Users/admin/Documents/Work/STM32/ARGUS_SOFT/h743_argus_S50MV85I_ExplorerApp/Argus_lib" -I"C:/Users/admin/Documents/Work/STM32/ARGUS_SOFT/h743_argus_S50MV85I_ExplorerApp/app_core" -I../Drivers/STM32H7xx_HAL_Driver/Inc -I../Drivers/STM32H7xx_HAL_Driver/Inc/Legacy -I../Drivers/CMSIS/Device/ST/STM32H7xx/Include -I../Drivers/CMSIS/Include -IC:/Users/admin/Documents/Work/STM32/ARGUS_SOFT/h743_argus_S50MV85I_ExplorerApp/../AFBR-S50-API/AFBR-S50/Include -O0 -ffunction-sections -fdata-sections -Wall -fstack-usage -fcyclomatic-complexity -MMD -MP -MF"Argus_lib/ExplorerApp/sci/sci_log.d" -MT"Argus_lib/ExplorerApp/sci/sci_log.o" --specs=nano.specs -mfpu=fpv5-d16 -mfloat-abi=hard -mthumb -o "Argus_lib/ExplorerApp/sci/sci_log.o"
arm-none-eabi-gcc "../Argus_lib/ExplorerApp/core/core_cal.c" -mcpu=cortex-m7 -std=gnu11 -g3 -DDEBUG -DUSE_HAL_DRIVER -DSTM32H723xx -c -I../Core/Inc -I"C:/Users/admin/Documents/Work/STM32/ARGUS_SOFT/h743_argus_S50MV85I_ExplorerApp/Argus_lib/ExampleApp" -I"C:/Users/admin/Documents/Work/STM32/ARGUS_SOFT/h743_argus_S50MV85I_ExplorerApp/Argus_lib/ExplorerApp" -I"C:/Users/admin/Documents/Work/STM32/ARGUS_SOFT/h743_argus_S50MV85I_ExplorerApp/Argus_lib" -I"C:/Users/admin/Documents/Work/STM32/ARGUS_SOFT/h743_argus_S50MV85I_ExplorerApp/app_core" -I../Drivers/STM32H7xx_HAL_Driver/Inc -I../Drivers/STM32H7xx_HAL_Driver/Inc/Legacy -I../Drivers/CMSIS/Device/ST/STM32H7xx/Include -I../Drivers/CMSIS/Include -IC:/Users/admin/Documents/Work/STM32/ARGUS_SOFT/h743_argus_S50MV85I_ExplorerApp/../AFBR-S50-API/AFBR-S50/Include -O0 -ffunction-sections -fdata-sections -Wall -fstack-usage -fcyclomatic-complexity -MMD -MP -MF"Argus_lib/ExplorerApp/core/core_cal.d" -MT"Argus_lib/ExplorerApp/core/core_cal.o" --specs=nano.specs -mfpu=fpv5-d16 -mfloat-abi=hard -mthumb -o "Argus_lib/ExplorerApp/core/core_cal.o"
arm-none-eabi-gcc "../Argus_lib/ExplorerApp/core/core_cfg.c" -mcpu=cortex-m7 -std=gnu11 -g3 -DDEBUG -DUSE_HAL_DRIVER -DSTM32H723xx -c -I../Core/Inc -I"C:/Users/admin/Documents/Work/STM32/ARGUS_SOFT/h743_argus_S50MV85I_ExplorerApp/Argus_lib/ExampleApp" -I"C:/Users/admin/Documents/Work/STM32/ARGUS_SOFT/h743_argus_S50MV85I_ExplorerApp/Argus_lib/ExplorerApp" -I"C:/Users/admin/Documents/Work/STM32/ARGUS_SOFT/h743_argus_S50MV85I_ExplorerApp/Argus_lib" -I"C:/Users/admin/Documents/Work/STM32/ARGUS_SOFT/h743_argus_S50MV85I_ExplorerApp/app_core" -I../Drivers/STM32H7xx_HAL_Driver/Inc -I../Drivers/STM32H7xx_HAL_Driver/Inc/Legacy -I../Drivers/CMSIS/Device/ST/STM32H7xx/Include -I../Drivers/CMSIS/Include -IC:/Users/admin/Documents/Work/STM32/ARGUS_SOFT/h743_argus_S50MV85I_ExplorerApp/../AFBR-S50-API/AFBR-S50/Include -O0 -ffunction-sections -fdata-sections -Wall -fstack-usage -fcyclomatic-complexity -MMD -MP -MF"Argus_lib/ExplorerApp/core/core_cfg.d" -MT"Argus_lib/ExplorerApp/core/core_cfg.o" --specs=nano.specs -mfpu=fpv5-d16 -mfloat-abi=hard -mthumb -o "Argus_lib/ExplorerApp/core/core_cfg.o"
arm-none-eabi-gcc "../Argus_lib/ExplorerApp/core/core_device.c" -mcpu=cortex-m7 -std=gnu11 -g3 -DDEBUG -DUSE_HAL_DRIVER -DSTM32H723xx -c -I../Core/Inc -I"C:/Users/admin/Documents/Work/STM32/ARGUS_SOFT/h743_argus_S50MV85I_ExplorerApp/Argus_lib/ExampleApp" -I"C:/Users/admin/Documents/Work/STM32/ARGUS_SOFT/h743_argus_S50MV85I_ExplorerApp/Argus_lib/ExplorerApp" -I"C:/Users/admin/Documents/Work/STM32/ARGUS_SOFT/h743_argus_S50MV85I_ExplorerApp/Argus_lib" -I"C:/Users/admin/Documents/Work/STM32/ARGUS_SOFT/h743_argus_S50MV85I_ExplorerApp/app_core" -I../Drivers/STM32H7xx_HAL_Driver/Inc -I../Drivers/STM32H7xx_HAL_Driver/Inc/Legacy -I../Drivers/CMSIS/Device/ST/STM32H7xx/Include -I../Drivers/CMSIS/Include -IC:/Users/admin/Documents/Work/STM32/ARGUS_SOFT/h743_argus_S50MV85I_ExplorerApp/../AFBR-S50-API/AFBR-S50/Include -O0 -ffunction-sections -fdata-sections -Wall -fstack-usage -fcyclomatic-complexity -MMD -MP -MF"Argus_lib/ExplorerApp/core/core_device.d" -MT"Argus_lib/ExplorerApp/core/core_device.o" --specs=nano.specs -mfpu=fpv5-d16 -mfloat-abi=hard -mthumb -o "Argus_lib/ExplorerApp/core/core_device.o"
arm-none-eabi-gcc "../Argus_lib/ExplorerApp/core/core_flash.c" -mcpu=cortex-m7 -std=gnu11 -g3 -DDEBUG -DUSE_HAL_DRIVER -DSTM32H723xx -c -I../Core/Inc -I"C:/Users/admin/Documents/Work/STM32/ARGUS_SOFT/h743_argus_S50MV85I_ExplorerApp/Argus_lib/ExampleApp" -I"C:/Users/admin/Documents/Work/STM32/ARGUS_SOFT/h743_argus_S50MV85I_ExplorerApp/Argus_lib/ExplorerApp" -I"C:/Users/admin/Documents/Work/STM32/ARGUS_SOFT/h743_argus_S50MV85I_ExplorerApp/Argus_lib" -I"C:/Users/admin/Documents/Work/STM32/ARGUS_SOFT/h743_argus_S50MV85I_ExplorerApp/app_core" -I../Drivers/STM32H7xx_HAL_Driver/Inc -I../Drivers/STM32H7xx_HAL_Driver/Inc/Legacy -I../Drivers/CMSIS/Device/ST/STM32H7xx/Include -I../Drivers/CMSIS/Include -IC:/Users/admin/Documents/Work/STM32/ARGUS_SOFT/h743_argus_S50MV85I_ExplorerApp/../AFBR-S50-API/AFBR-S50/Include -O0 -ffunction-sections -fdata-sections -Wall -fstack-usage -fcyclomatic-complexity -MMD -MP -MF"Argus_lib/ExplorerApp/core/core_flash.d" -MT"Argus_lib/ExplorerApp/core/core_flash.o" --specs=nano.specs -mfpu=fpv5-d16 -mfloat-abi=hard -mthumb -o "Argus_lib/ExplorerApp/core/core_flash.o"
arm-none-eabi-gcc "../Argus_lib/ExplorerApp/core/core_utils.c" -mcpu=cortex-m7 -std=gnu11 -g3 -DDEBUG -DUSE_HAL_DRIVER -DSTM32H723xx -c -I../Core/Inc -I"C:/Users/admin/Documents/Work/STM32/ARGUS_SOFT/h743_argus_S50MV85I_ExplorerApp/Argus_lib/ExampleApp" -I"C:/Users/admin/Documents/Work/STM32/ARGUS_SOFT/h743_argus_S50MV85I_ExplorerApp/Argus_lib/ExplorerApp" -I"C:/Users/admin/Documents/Work/STM32/ARGUS_SOFT/h743_argus_S50MV85I_ExplorerApp/Argus_lib" -I"C:/Users/admin/Documents/Work/STM32/ARGUS_SOFT/h743_argus_S50MV85I_ExplorerApp/app_core" -I../Drivers/STM32H7xx_HAL_Driver/Inc -I../Drivers/STM32H7xx_HAL_Driver/Inc/Legacy -I../Drivers/CMSIS/Device/ST/STM32H7xx/Include -I../Drivers/CMSIS/Include -IC:/Users/admin/Documents/Work/STM32/ARGUS_SOFT/h743_argus_S50MV85I_ExplorerApp/../AFBR-S50-API/AFBR-S50/Include -O0 -ffunction-sections -fdata-sections -Wall -fstack-usage -fcyclomatic-complexity -MMD -MP -MF"Argus_lib/ExplorerApp/core/core_utils.d" -MT"Argus_lib/ExplorerApp/core/core_utils.o" --specs=nano.specs -mfpu=fpv5-d16 -mfloat-abi=hard -mthumb -o "Argus_lib/ExplorerApp/core/core_utils.o"
arm-none-eabi-gcc "../Argus_lib/ExplorerApp/api/explorer_api.c" -mcpu=cortex-m7 -std=gnu11 -g3 -DDEBUG -DUSE_HAL_DRIVER -DSTM32H723xx -c -I../Core/Inc -I"C:/Users/admin/Documents/Work/STM32/ARGUS_SOFT/h743_argus_S50MV85I_ExplorerApp/Argus_lib/ExampleApp" -I"C:/Users/admin/Documents/Work/STM32/ARGUS_SOFT/h743_argus_S50MV85I_ExplorerApp/Argus_lib/ExplorerApp" -I"C:/Users/admin/Documents/Work/STM32/ARGUS_SOFT/h743_argus_S50MV85I_ExplorerApp/Argus_lib" -I"C:/Users/admin/Documents/Work/STM32/ARGUS_SOFT/h743_argus_S50MV85I_ExplorerApp/app_core" -I../Drivers/STM32H7xx_HAL_Driver/Inc -I../Drivers/STM32H7xx_HAL_Driver/Inc/Legacy -I../Drivers/CMSIS/Device/ST/STM32H7xx/Include -I../Drivers/CMSIS/Include -IC:/Users/admin/Documents/Work/STM32/ARGUS_SOFT/h743_argus_S50MV85I_ExplorerApp/../AFBR-S50-API/AFBR-S50/Include -O0 -ffunction-sections -fdata-sections -Wall -fstack-usage -fcyclomatic-complexity -MMD -MP -MF"Argus_lib/ExplorerApp/api/explorer_api.d" -MT"Argus_lib/ExplorerApp/api/explorer_api.o" --specs=nano.specs -mfpu=fpv5-d16 -mfloat-abi=hard -mthumb -o "Argus_lib/ExplorerApp/api/explorer_api.o"
arm-none-eabi-gcc "../Argus_lib/ExplorerApp/api/explorer_api_cal.c" -mcpu=cortex-m7 -std=gnu11 -g3 -DDEBUG -DUSE_HAL_DRIVER -DSTM32H723xx -c -I../Core/Inc -I"C:/Users/admin/Documents/Work/STM32/ARGUS_SOFT/h743_argus_S50MV85I_ExplorerApp/Argus_lib/ExampleApp" -I"C:/Users/admin/Documents/Work/STM32/ARGUS_SOFT/h743_argus_S50MV85I_ExplorerApp/Argus_lib/ExplorerApp" -I"C:/Users/admin/Documents/Work/STM32/ARGUS_SOFT/h743_argus_S50MV85I_ExplorerApp/Argus_lib" -I"C:/Users/admin/Documents/Work/STM32/ARGUS_SOFT/h743_argus_S50MV85I_ExplorerApp/app_core" -I../Drivers/STM32H7xx_HAL_Driver/Inc -I../Drivers/STM32H7xx_HAL_Driver/Inc/Legacy -I../Drivers/CMSIS/Device/ST/STM32H7xx/Include -I../Drivers/CMSIS/Include -IC:/Users/admin/Documents/Work/STM32/ARGUS_SOFT/h743_argus_S50MV85I_ExplorerApp/../AFBR-S50-API/AFBR-S50/Include -O0 -ffunction-sections -fdata-sections -Wall -fstack-usage -fcyclomatic-complexity -MMD -MP -MF"Argus_lib/ExplorerApp/api/explorer_api_cal.d" -MT"Argus_lib/ExplorerApp/api/explorer_api_cal.o" --specs=nano.specs -mfpu=fpv5-d16 -mfloat-abi=hard -mthumb -o "Argus_lib/ExplorerApp/api/explorer_api_cal.o"
arm-none-eabi-gcc "../Argus_lib/ExplorerApp/api/explorer_api_cfg.c" -mcpu=cortex-m7 -std=gnu11 -g3 -DDEBUG -DUSE_HAL_DRIVER -DSTM32H723xx -c -I../Core/Inc -I"C:/Users/admin/Documents/Work/STM32/ARGUS_SOFT/h743_argus_S50MV85I_ExplorerApp/Argus_lib/ExampleApp" -I"C:/Users/admin/Documents/Work/STM32/ARGUS_SOFT/h743_argus_S50MV85I_ExplorerApp/Argus_lib/ExplorerApp" -I"C:/Users/admin/Documents/Work/STM32/ARGUS_SOFT/h743_argus_S50MV85I_ExplorerApp/Argus_lib" -I"C:/Users/admin/Documents/Work/STM32/ARGUS_SOFT/h743_argus_S50MV85I_ExplorerApp/app_core" -I../Drivers/STM32H7xx_HAL_Driver/Inc -I../Drivers/STM32H7xx_HAL_Driver/Inc/Legacy -I../Drivers/CMSIS/Device/ST/STM32H7xx/Include -I../Drivers/CMSIS/Include -IC:/Users/admin/Documents/Work/STM32/ARGUS_SOFT/h743_argus_S50MV85I_ExplorerApp/../AFBR-S50-API/AFBR-S50/Include -O0 -ffunction-sections -fdata-sections -Wall -fstack-usage -fcyclomatic-complexity -MMD -MP -MF"Argus_lib/ExplorerApp/api/explorer_api_cfg.d" -MT"Argus_lib/ExplorerApp/api/explorer_api_cfg.o" --specs=nano.specs -mfpu=fpv5-d16 -mfloat-abi=hard -mthumb -o "Argus_lib/ExplorerApp/api/explorer_api_cfg.o"
arm-none-eabi-gcc "../Argus_lib/ExplorerApp/api/explorer_api_data.c" -mcpu=cortex-m7 -std=gnu11 -g3 -DDEBUG -DUSE_HAL_DRIVER -DSTM32H723xx -c -I../Core/Inc -I"C:/Users/admin/Documents/Work/STM32/ARGUS_SOFT/h743_argus_S50MV85I_ExplorerApp/Argus_lib/ExampleApp" -I"C:/Users/admin/Documents/Work/STM32/ARGUS_SOFT/h743_argus_S50MV85I_ExplorerApp/Argus_lib/ExplorerApp" -I"C:/Users/admin/Documents/Work/STM32/ARGUS_SOFT/h743_argus_S50MV85I_ExplorerApp/Argus_lib" -I"C:/Users/admin/Documents/Work/STM32/ARGUS_SOFT/h743_argus_S50MV85I_ExplorerApp/app_core" -I../Drivers/STM32H7xx_HAL_Driver/Inc -I../Drivers/STM32H7xx_HAL_Driver/Inc/Legacy -I../Drivers/CMSIS/Device/ST/STM32H7xx/Include -I../Drivers/CMSIS/Include -IC:/Users/admin/Documents/Work/STM32/ARGUS_SOFT/h743_argus_S50MV85I_ExplorerApp/../AFBR-S50-API/AFBR-S50/Include -O0 -ffunction-sections -fdata-sections -Wall -fstack-usage -fcyclomatic-complexity -MMD -MP -MF"Argus_lib/ExplorerApp/api/explorer_api_data.d" -MT"Argus_lib/ExplorerApp/api/explorer_api_data.o" --specs=nano.specs -mfpu=fpv5-d16 -mfloat-abi=hard -mthumb -o "Argus_lib/ExplorerApp/api/explorer_api_data.o"
arm-none-eabi-gcc "../Argus_lib/ExplorerApp/argus_explorer_app.c" -mcpu=cortex-m7 -std=gnu11 -g3 -DDEBUG -DUSE_HAL_DRIVER -DSTM32H723xx -c -I../Core/Inc -I"C:/Users/admin/Documents/Work/STM32/ARGUS_SOFT/h743_argus_S50MV85I_ExplorerApp/Argus_lib/ExampleApp" -I"C:/Users/admin/Documents/Work/STM32/ARGUS_SOFT/h743_argus_S50MV85I_ExplorerApp/Argus_lib/ExplorerApp" -I"C:/Users/admin/Documents/Work/STM32/ARGUS_SOFT/h743_argus_S50MV85I_ExplorerApp/Argus_lib" -I"C:/Users/admin/Documents/Work/STM32/ARGUS_SOFT/h743_argus_S50MV85I_ExplorerApp/app_core" -I../Drivers/STM32H7xx_HAL_Driver/Inc -I../Drivers/STM32H7xx_HAL_Driver/Inc/Legacy -I../Drivers/CMSIS/Device/ST/STM32H7xx/Include -I../Drivers/CMSIS/Include -IC:/Users/admin/Documents/Work/STM32/ARGUS_SOFT/h743_argus_S50MV85I_ExplorerApp/../AFBR-S50-API/AFBR-S50/Include -O0 -ffunction-sections -fdata-sections -Wall -fstack-usage -fcyclomatic-complexity -MMD -MP -MF"Argus_lib/ExplorerApp/argus_explorer_app.d" -MT"Argus_lib/ExplorerApp/argus_explorer_app.o" --specs=nano.specs -mfpu=fpv5-d16 -mfloat-abi=hard -mthumb -o "Argus_lib/ExplorerApp/argus_explorer_app.o"
arm-none-eabi-gcc "../Argus_lib/ExplorerApp/explorer_app.c" -mcpu=cortex-m7 -std=gnu11 -g3 -DDEBUG -DUSE_HAL_DRIVER -DSTM32H723xx -c -I../Core/Inc -I"C:/Users/admin/Documents/Work/STM32/ARGUS_SOFT/h743_argus_S50MV85I_ExplorerApp/Argus_lib/ExampleApp" -I"C:/Users/admin/Documents/Work/STM32/ARGUS_SOFT/h743_argus_S50MV85I_ExplorerApp/Argus_lib/ExplorerApp" -I"C:/Users/admin/Documents/Work/STM32/ARGUS_SOFT/h743_argus_S50MV85I_ExplorerApp/Argus_lib" -I"C:/Users/admin/Documents/Work/STM32/ARGUS_SOFT/h743_argus_S50MV85I_ExplorerApp/app_core" -I../Drivers/STM32H7xx_HAL_Driver/Inc -I../Drivers/STM32H7xx_HAL_Driver/Inc/Legacy -I../Drivers/CMSIS/Device/ST/STM32H7xx/Include -I../Drivers/CMSIS/Include -IC:/Users/admin/Documents/Work/STM32/ARGUS_SOFT/h743_argus_S50MV85I_ExplorerApp/../AFBR-S50-API/AFBR-S50/Include -O0 -ffunction-sections -fdata-sections -Wall -fstack-usage -fcyclomatic-complexity -MMD -MP -MF"Argus_lib/ExplorerApp/explorer_app.d" -MT"Argus_lib/ExplorerApp/explorer_app.o" --specs=nano.specs -mfpu=fpv5-d16 -mfloat-abi=hard -mthumb -o "Argus_lib/ExplorerApp/explorer_app.o"
arm-none-eabi-gcc "../Argus_lib/ExplorerApp/explorer_tasks.c" -mcpu=cortex-m7 -std=gnu11 -g3 -DDEBUG -DUSE_HAL_DRIVER -DSTM32H723xx -c -I../Core/Inc -I"C:/Users/admin/Documents/Work/STM32/ARGUS_SOFT/h743_argus_S50MV85I_ExplorerApp/Argus_lib/ExampleApp" -I"C:/Users/admin/Documents/Work/STM32/ARGUS_SOFT/h743_argus_S50MV85I_ExplorerApp/Argus_lib/ExplorerApp" -I"C:/Users/admin/Documents/Work/STM32/ARGUS_SOFT/h743_argus_S50MV85I_ExplorerApp/Argus_lib" -I"C:/Users/admin/Documents/Work/STM32/ARGUS_SOFT/h743_argus_S50MV85I_ExplorerApp/app_core" -I../Drivers/STM32H7xx_HAL_Driver/Inc -I../Drivers/STM32H7xx_HAL_Driver/Inc/Legacy -I../Drivers/CMSIS/Device/ST/STM32H7xx/Include -I../Drivers/CMSIS/Include -IC:/Users/admin/Documents/Work/STM32/ARGUS_SOFT/h743_argus_S50MV85I_ExplorerApp/../AFBR-S50-API/AFBR-S50/Include -O0 -ffunction-sections -fdata-sections -Wall -fstack-usage -fcyclomatic-complexity -MMD -MP -MF"Argus_lib/ExplorerApp/explorer_tasks.d" -MT"Argus_lib/ExplorerApp/explorer_tasks.o" --specs=nano.specs -mfpu=fpv5-d16 -mfloat-abi=hard -mthumb -o "Argus_lib/ExplorerApp/explorer_tasks.o"
arm-none-eabi-gcc "../Argus_lib/ExampleApp/examples/01_simple_example.c" -mcpu=cortex-m7 -std=gnu11 -g3 -DDEBUG -DUSE_HAL_DRIVER -DSTM32H723xx -c -I../Core/Inc -I"C:/Users/admin/Documents/Work/STM32/ARGUS_SOFT/h743_argus_S50MV85I_ExplorerApp/Argus_lib/ExampleApp" -I"C:/Users/admin/Documents/Work/STM32/ARGUS_SOFT/h743_argus_S50MV85I_ExplorerApp/Argus_lib/ExplorerApp" -I"C:/Users/admin/Documents/Work/STM32/ARGUS_SOFT/h743_argus_S50MV85I_ExplorerApp/Argus_lib" -I"C:/Users/admin/Documents/Work/STM32/ARGUS_SOFT/h743_argus_S50MV85I_ExplorerApp/app_core" -I../Drivers/STM32H7xx_HAL_Driver/Inc -I../Drivers/STM32H7xx_HAL_Driver/Inc/Legacy -I../Drivers/CMSIS/Device/ST/STM32H7xx/Include -I../Drivers/CMSIS/Include -IC:/Users/admin/Documents/Work/STM32/ARGUS_SOFT/h743_argus_S50MV85I_ExplorerApp/../AFBR-S50-API/AFBR-S50/Include -O0 -ffunction-sections -fdata-sections -Wall -fstack-usage -fcyclomatic-complexity -MMD -MP -MF"Argus_lib/ExampleApp/examples/01_simple_example.d" -MT"Argus_lib/ExampleApp/examples/01_simple_example.o" --specs=nano.specs -mfpu=fpv5-d16 -mfloat-abi=hard -mthumb -o "Argus_lib/ExampleApp/examples/01_simple_example.o"
[...]
   text	   data	    bss	    dec	    hex	filename
 215800	    564	  42484	 258848	  3f320	h743_argus_S50MV85I_Main.elf
Finished building: default.size.stdout
 
07:38:45 **** Incremental Build of configuration Debug for project h743_argus_S50MV85I_Main ****
make -j16 all 
arm-none-eabi-g++ "../app_core/BalancingControllerApp.cpp" -mcpu=cortex-m7 -std=gnu++20 -g3 -DDEBUG -DUSE_HAL_DRIVER -DSTM32H723xx -c -I../Core/Inc -I"C:/Users/admin/Documents/Work/STM32/ARGUS_SOFT/h743_argus_S50MV85I_Main/app_core/KBus" -I"C:/Users/admin/Documents/Work/STM32/ARGUS_SOFT/h743_argus_S50MV85I_Main/Argus_lib/ExampleApp" -I"C:/Users/admin/Documents/Work/STM32/ARGUS_SOFT/h743_argus_S50MV85I_Main/Argus_lib/ExplorerApp" -I"C:/Users/admin/Documents/Work/STM32/ARGUS_SOFT/h743_argus_S50MV85I_Main/Argus_lib" -I"C:/Users/admin/Documents/Work/STM32/ARGUS_SOFT/h743_argus_S50MV85I_Main/../AFBR-S50-API/AFBR-S50/Include" -I"C:/Users/admin/Documents/Work/STM32/ARGUS_SOFT/h743_argus_S50MV85I_Main/app_core/tools" -I"C:/Users/admin/Documents/Work/STM32/ARGUS_SOFT/h743_argus_S50MV85I_Main/app_core" -I../Drivers/STM32H7xx_HAL_Driver/Inc -I../Drivers/STM32H7xx_HAL_Driver/Inc/Legacy -I../Drivers/CMSIS/Device/ST/STM32H7xx/Include -I../Drivers/CMSIS/Include -O0 -ffunction-sections -fdata-sections -fno-exceptions -fno-rtti -fno-use-cxa-atexit -Wall -fstack-usage -fcyclomatic-complexity -MMD -MP -MF"app_core/BalancingControllerApp.d" -MT"app_core/BalancingControllerApp.o" --specs=nano.specs -mfpu=fpv5-d16 -mfloat-abi=hard -mthumb -o "app_core/BalancingControllerApp.o"
arm-none-eabi-g++ -o "h743_argus_S50MV85I_Main.elf" @"objects.list"  -lafbrs50_m4_fpu -mcpu=cortex-m7 -T"C:\Users\admin\Documents\Work\STM32\ARGUS_SOFT\h743_argus_S50MV85I_Main\STM32H723ZGTX_FLASH.ld" --specs=nosys.specs -Wl,-Map="h743_argus_S50MV85I_Main.map" -Wl,--gc-sections -static -L"C:/Users/admin/Documents/Work/STM32/ARGUS_SOFT/h743_argus_S50MV85I_Main/../AFBR-S50-API/AFBR-S50/Lib" --specs=nano.specs -mfpu=fpv5-d16 -mfloat-abi=hard -mthumb -u _printf_float -Wl,--start-group -lc -lm -lstdc++ -lsupc++ -Wl,--end-group
Finished building target: h743_argus_S50MV85I_Main.elf
 
arm-none-eabi-size  h743_argus_S50MV85I_Main.elf 
arm-none-eabi-objdump -h -S h743_argus_S50MV85I_Main.elf  > "h743_argus_S50MV85I_Main.list"
   text	   data	    bss	    dec	    hex	filename
 218576	    564	  42484	 261624	  3fdf8	h743_argus_S50MV85I_Main.elf
Finished building: default.size.stdout
 
Finished building: h743_argus_S50MV85I_Main.list
 
07:38:49 **** Incremental Build of configuration Debug for project h743_argus_S50MV85I_Main ****
make -j16 all 
arm-none-eabi-size  h743_argus_S50MV85I_Main.elf 
   text	   data	    bss	    dec	    hex	filename
 218576	    564	  42484	 261624	  3fdf8	h743_argus_S50MV85I_Main.elf
Finished building: default.size.stdout
 
07:41:06 **** Incremental Build of configuration Debug for project h743_argus_S50MV85I_Main ****
make -j16 all 
arm-none-eabi-size  h743_argus_S50MV85I_Main.elf 
   text	   data	    bss	    dec	    hex	filename
 218576	    564	  42484	 261624	  3fdf8	h743_argus_S50MV85I_Main.elf
Finished building: default.size.stdout
 
08:48:31 **** Incremental Build of configuration Debug for project h743_argus_S50MV85I_Main ****
make -j16 all 
arm-none-eabi-gcc "../Argus_lib/ExplorerApp/sci/sci.c" -mcpu=cortex-m7 -std=gnu11 -g3 -DDEBUG -DUSE_HAL_DRIVER -DSTM32H723xx -c -I../Core/Inc -I"C:/Users/admin/Documents/Work/STM32/ARGUS_SOFT/h743_argus_S50MV85I_Main/app_core/KBus" -I"C:/Users/admin/Documents/Work/STM32/ARGUS_SOFT/h743_argus_S50MV85I_Main/Argus_lib/ExampleApp" -I"C:/Users/admin/Documents/Work/STM32/ARGUS_SOFT/h743_argus_S50MV85I_Main/Argus_lib/ExplorerApp" -I"C:/Users/admin/Documents/Work/STM32/ARGUS_SOFT/h743_argus_S50MV85I_Main/Argus_lib" -I"C:/Users/admin/Documents/Work/STM32/ARGUS_SOFT/h743_argus_S50MV85I_Main/app_core" -I../Drivers/STM32H7xx_HAL_Driver/Inc -I../Drivers/STM32H7xx_HAL_Driver/Inc/Legacy -I../Drivers/CMSIS/Device/ST/STM32H7xx/Include -I../Drivers/CMSIS/Include -IC:/Users/admin/Documents/Work/STM32/ARGUS_SOFT/h743_argus_S50MV85I_Main/../AFBR-S50-API/AFBR-S50/Include -O0 -ffunction-sections -fdata-sections -Wall -fstack-usage -fcyclomatic-complexity -MMD -MP -MF"Argus_lib/ExplorerApp/sci/sci.d" -MT"Argus_lib/ExplorerApp/sci/sci.o" --specs=nano.specs -mfpu=fpv5-d16 -mfloat-abi=hard -mthumb -o "Argus_lib/ExplorerApp/sci/sci.o"
arm-none-eabi-gcc "../Argus_lib/ExplorerApp/sci/sci_cmd.c" -mcpu=cortex-m7 -std=gnu11 -g3 -DDEBUG -DUSE_HAL_DRIVER -DSTM32H723xx -c -I../Core/Inc -I"C:/Users/admin/Documents/Work/STM32/ARGUS_SOFT/h743_argus_S50MV85I_Main/app_core/KBus" -I"C:/Users/admin/Documents/Work/STM32/ARGUS_SOFT/h743_argus_S50MV85I_Main/Argus_lib/ExampleApp" -I"C:/Users/admin/Documents/Work/STM32/ARGUS_SOFT/h743_argus_S50MV85I_Main/Argus_lib/ExplorerApp" -I"C:/Users/admin/Documents/Work/STM32/ARGUS_SOFT/h743_argus_S50MV85I_Main/Argus_lib" -I"C:/Users/admin/Documents/Work/STM32/ARGUS_SOFT/h743_argus_S50MV85I_Main/app_core" -I../Drivers/STM32H7xx_HAL_Driver/Inc -I../Drivers/STM32H7xx_HAL_Driver/Inc/Legacy -I../Drivers/CMSIS/Device/ST/STM32H7xx/Include -I../Drivers/CMSIS/Include -IC:/Users/admin/Documents/Work/STM32/ARGUS_SOFT/h743_argus_S50MV85I_Main/../AFBR-S50-API/AFBR-S50/Include -O0 -ffunction-sections -fdata-sections -Wall -fstack-usage -fcyclomatic-complexity -MMD -MP -MF"Argus_lib/ExplorerApp/sci/sci_cmd.d" -MT"Argus_lib/ExplorerApp/sci/sci_cmd.o" --specs=nano.specs -mfpu=fpv5-d16 -mfloat-abi=hard -mthumb -o "Argus_lib/ExplorerApp/sci/sci_cmd.o"
arm-none-eabi-gcc "../Argus_lib/ExplorerApp/sci/sci_datalink.c" -mcpu=cortex-m7 -std=gnu11 -g3 -DDEBUG -DUSE_HAL_DRIVER -DSTM32H723xx -c -I../Core/Inc -I"C:/Users/admin/Documents/Work/STM32/ARGUS_SOFT/h743_argus_S50MV85I_Main/app_core/KBus" -I"C:/Users/admin/Documents/Work/STM32/ARGUS_SOFT/h743_argus_S50MV85I_Main/Argus_lib/ExampleApp" -I"C:/Users/admin/Documents/Work/STM32/ARGUS_SOFT/h743_argus_S50MV85I_Main/Argus_lib/ExplorerApp" -I"C:/Users/admin/Documents/Work/STM32/ARGUS_SOFT/h743_argus_S50MV85I_Main/Argus_lib" -I"C:/Users/admin/Documents/Work/STM32/ARGUS_SOFT/h743_argus_S50MV85I_Main/app_core" -I../Drivers/STM32H7xx_HAL_Driver/Inc -I../Drivers/STM32H7xx_HAL_Driver/Inc/Legacy -I../Drivers/CMSIS/Device/ST/STM32H7xx/Include -I../Drivers/CMSIS/Include -IC:/Users/admin/Documents/Work/STM32/ARGUS_SOFT/h743_argus_S50MV85I_Main/../AFBR-S50-API/AFBR-S50/Include -O0 -ffunction-sections -fdata-sections -Wall -fstack-usage -fcyclomatic-complexity -MMD -MP -MF"Argus_lib/ExplorerApp/sci/sci_datalink.d" -MT"Argus_lib/ExplorerApp/sci/sci_datalink.o" --specs=nano.specs -mfpu=fpv5-d16 -mfloat-abi=hard -mthumb -o "Argus_lib/ExplorerApp/sci/sci_datalink.o"
arm-none-eabi-gcc "../Argus_lib/ExplorerApp/sci/sci_handshaking.c" -mcpu=cortex-m7 -std=gnu11 -g3 -DDEBUG -DUSE_HAL_DRIVER -DSTM32H723xx -c -I../Core/Inc -I"C:/Users/admin/Documents/Work/STM32/ARGUS_SOFT/h743_argus_S50MV85I_Main/app_core/KBus" -I"C:/Users/admin/Documents/Work/STM32/ARGUS_SOFT/h743_argus_S50MV85I_Main/Argus_lib/ExampleApp" -I"C:/Users/admin/Documents/Work/STM32/ARGUS_SOFT/h743_argus_S50MV85I_Main/Argus_lib/ExplorerApp" -I"C:/Users/admin/Documents/Work/STM32/ARGUS_SOFT/h743_argus_S50MV85I_Main/Argus_lib" -I"C:/Users/admin/Documents/Work/STM32/ARGUS_SOFT/h743_argus_S50MV85I_Main/app_core" -I../Drivers/STM32H7xx_HAL_Driver/Inc -I../Drivers/STM32H7xx_HAL_Driver/Inc/Legacy -I../Drivers/CMSIS/Device/ST/STM32H7xx/Include -I../Drivers/CMSIS/Include -IC:/Users/admin/Documents/Work/STM32/ARGUS_SOFT/h743_argus_S50MV85I_Main/../AFBR-S50-API/AFBR-S50/Include -O0 -ffunction-sections -fdata-sections -Wall -fstack-usage -fcyclomatic-complexity -MMD -MP -MF"Argus_lib/ExplorerApp/sci/sci_handshaking.d" -MT"Argus_lib/ExplorerApp/sci/sci_handshaking.o" --specs=nano.specs -mfpu=fpv5-d16 -mfloat-abi=hard -mthumb -o "Argus_lib/ExplorerApp/sci/sci_handshaking.o"
arm-none-eabi-gcc "../Argus_lib/ExplorerApp/sci/sci_log.c" -mcpu=cortex-m7 -std=gnu11 -g3 -DDEBUG -DUSE_HAL_DRIVER -DSTM32H723xx -c -I../Core/Inc -I"C:/Users/admin/Documents/Work/STM32/ARGUS_SOFT/h743_argus_S50MV85I_Main/app_core/KBus" -I"C:/Users/admin/Documents/Work/STM32/ARGUS_SOFT/h743_argus_S50MV85I_Main/Argus_lib/ExampleApp" -I"C:/Users/admin/Documents/Work/STM32/ARGUS_SOFT/h743_argus_S50MV85I_Main/Argus_lib/ExplorerApp" -I"C:/Users/admin/Documents/Work/STM32/ARGUS_SOFT/h743_argus_S50MV85I_Main/Argus_lib" -I"C:/Users/admin/Documents/Work/STM32/ARGUS_SOFT/h743_argus_S50MV85I_Main/app_core" -I../Drivers/STM32H7xx_HAL_Driver/Inc -I../Drivers/STM32H7xx_HAL_Driver/Inc/Legacy -I../Drivers/CMSIS/Device/ST/STM32H7xx/Include -I../Drivers/CMSIS/Include -IC:/Users/admin/Documents/Work/STM32/ARGUS_SOFT/h743_argus_S50MV85I_Main/../AFBR-S50-API/AFBR-S50/Include -O0 -ffunction-sections -fdata-sections -Wall -fstack-usage -fcyclomatic-complexity -MMD -MP -MF"Argus_lib/ExplorerApp/sci/sci_log.d" -MT"Argus_lib/ExplorerApp/sci/sci_log.o" --specs=nano.specs -mfpu=fpv5-d16 -mfloat-abi=hard -mthumb -o "Argus_lib/ExplorerApp/sci/sci_log.o"
arm-none-eabi-g++ -o "h743_argus_S50MV85I_Main.elf" @"objects.list"  -lafbrs50_m4_fpu -mcpu=cortex-m7 -T"C:\Users\admin\Documents\Work\STM32\ARGUS_SOFT\h743_argus_S50MV85I_Main\STM32H723ZGTX_FLASH.ld" --specs=nosys.specs -Wl,-Map="h743_argus_S50MV85I_Main.map" -Wl,--gc-sections -static -L"C:/Users/admin/Documents/Work/STM32/ARGUS_SOFT/h743_argus_S50MV85I_Main/../AFBR-S50-API/AFBR-S50/Lib" --specs=nano.specs -mfpu=fpv5-d16 -mfloat-abi=hard -mthumb -u _printf_float -Wl,--start-group -lc -lm -lstdc++ -lsupc++ -Wl,--end-group
Finished building target: h743_argus_S50MV85I_Main.elf
 
arm-none-eabi-size  h743_argus_S50MV85I_Main.elf 
arm-none-eabi-objdump -h -S h743_argus_S50MV85I_Main.elf  > "h743_argus_S50MV85I_Main.list"
   text	   data	    bss	    dec	    hex	filename
 218632	    564	  42484	 261680	  3fe30	h743_argus_S50MV85I_Main.elf
Finished building: default.size.stdout
 
Finished building: h743_argus_S50MV85I_Main.list
 
08:51:18 **** Incremental Build of configuration Debug for project h743_argus_S50MV85I_Main ****
make -j16 all 
arm-none-eabi-gcc "../Argus_lib/ExplorerApp/sci/sci_cmd.c" -mcpu=cortex-m7 -std=gnu11 -g3 -DDEBUG -DUSE_HAL_DRIVER -DSTM32H723xx -c -I../Core/Inc -I"C:/Users/admin/Documents/Work/STM32/ARGUS_SOFT/h743_argus_S50MV85I_Main/app_core/KBus" -I"C:/Users/admin/Documents/Work/STM32/ARGUS_SOFT/h743_argus_S50MV85I_Main/Argus_lib/ExampleApp" -I"C:/Users/admin/Documents/Work/STM32/ARGUS_SOFT/h743_argus_S50MV85I_Main/Argus_lib/ExplorerApp" -I"C:/Users/admin/Documents/Work/STM32/ARGUS_SOFT/h743_argus_S50MV85I_Main/Argus_lib" -I"C:/Users/admin/Documents/Work/STM32/ARGUS_SOFT/h743_argus_S50MV85I_Main/app_core" -I../Drivers/STM32H7xx_HAL_Driver/Inc -I../Drivers/STM32H7xx_HAL_Driver/Inc/Legacy -I../Drivers/CMSIS/Device/ST/STM32H7xx/Include -I../Drivers/CMSIS/Include -IC:/Users/admin/Documents/Work/STM32/ARGUS_SOFT/h743_argus_S50MV85I_Main/../AFBR-S50-API/AFBR-S50/Include -O0 -ffunction-sections -fdata-sections -Wall -fstack-usage -fcyclomatic-complexity -MMD -MP -MF"Argus_lib/ExplorerApp/sci/sci_cmd.d" -MT"Argus_lib/ExplorerApp/sci/sci_cmd.o" --specs=nano.specs -mfpu=fpv5-d16 -mfloat-abi=hard -mthumb -o "Argus_lib/ExplorerApp/sci/sci_cmd.o"
arm-none-eabi-g++ -o "h743_argus_S50MV85I_Main.elf" @"objects.list"  -lafbrs50_m4_fpu -mcpu=cortex-m7 -T"C:\Users\admin\Documents\Work\STM32\ARGUS_SOFT\h743_argus_S50MV85I_Main\STM32H723ZGTX_FLASH.ld" --specs=nosys.specs -Wl,-Map="h743_argus_S50MV85I_Main.map" -Wl,--gc-sections -static -L"C:/Users/admin/Documents/Work/STM32/ARGUS_SOFT/h743_argus_S50MV85I_Main/../AFBR-S50-API/AFBR-S50/Lib" --specs=nano.specs -mfpu=fpv5-d16 -mfloat-abi=hard -mthumb -u _printf_float -Wl,--start-group -lc -lm -lstdc++ -lsupc++ -Wl,--end-group
Finished building target: h743_argus_S50MV85I_Main.elf
 
arm-none-eabi-size  h743_argus_S50MV85I_Main.elf 
arm-none-eabi-objdump -h -S h743_argus_S50MV85I_Main.elf  > "h743_argus_S50MV85I_Main.list"
   text	   data	    bss	    dec	    hex	filename
 218632	    564	  42484	 261680	  3fe30	h743_argus_S50MV85I_Main.elf
Finished building: default.size.stdout
 
Finished building: h743_argus_S50MV85I_Main.list
 
08:54:22 **** Incremental Build of configuration Debug for project h743_argus_S50MV85I_Main ****
make -j16 all 
arm-none-eabi-g++ "../app_core/BalancingControllerApp.cpp" -mcpu=cortex-m7 -std=gnu++20 -g3 -DDEBUG -DUSE_HAL_DRIVER -DSTM32H723xx -c -I../Core/Inc -I"C:/Users/admin/Documents/Work/STM32/ARGUS_SOFT/h743_argus_S50MV85I_Main/app_core/KBus" -I"C:/Users/admin/Documents/Work/STM32/ARGUS_SOFT/h743_argus_S50MV85I_Main/Argus_lib/ExampleApp" -I"C:/Users/admin/Documents/Work/STM32/ARGUS_SOFT/h743_argus_S50MV85I_Main/Argus_lib/ExplorerApp" -I"C:/Users/admin/Documents/Work/STM32/ARGUS_SOFT/h743_argus_S50MV85I_Main/Argus_lib" -I"C:/Users/admin/Documents/Work/STM32/ARGUS_SOFT/h743_argus_S50MV85I_Main/../AFBR-S50-API/AFBR-S50/Include" -I"C:/Users/admin/Documents/Work/STM32/ARGUS_SOFT/h743_argus_S50MV85I_Main/app_core/tools" -I"C:/Users/admin/Documents/Work/STM32/ARGUS_SOFT/h743_argus_S50MV85I_Main/app_core" -I../Drivers/STM32H7xx_HAL_Driver/Inc -I../Drivers/STM32H7xx_HAL_Driver/Inc/Legacy -I../Drivers/CMSIS/Device/ST/STM32H7xx/Include -I../Drivers/CMSIS/Include -O0 -ffunction-sections -fdata-sections -fno-exceptions -fno-rtti -fno-use-cxa-atexit -Wall -fstack-usage -fcyclomatic-complexity -MMD -MP -MF"app_core/BalancingControllerApp.d" -MT"app_core/BalancingControllerApp.o" --specs=nano.specs -mfpu=fpv5-d16 -mfloat-abi=hard -mthumb -o "app_core/BalancingControllerApp.o"
arm-none-eabi-gcc "../Argus_lib/ExplorerApp/sci/sci_cmd.c" -mcpu=cortex-m7 -std=gnu11 -g3 -DDEBUG -DUSE_HAL_DRIVER -DSTM32H723xx -c -I../Core/Inc -I"C:/Users/admin/Documents/Work/STM32/ARGUS_SOFT/h743_argus_S50MV85I_Main/app_core/KBus" -I"C:/Users/admin/Documents/Work/STM32/ARGUS_SOFT/h743_argus_S50MV85I_Main/Argus_lib/ExampleApp" -I"C:/Users/admin/Documents/Work/STM32/ARGUS_SOFT/h743_argus_S50MV85I_Main/Argus_lib/ExplorerApp" -I"C:/Users/admin/Documents/Work/STM32/ARGUS_SOFT/h743_argus_S50MV85I_Main/Argus_lib" -I"C:/Users/admin/Documents/Work/STM32/ARGUS_SOFT/h743_argus_S50MV85I_Main/app_core" -I../Drivers/STM32H7xx_HAL_Driver/Inc -I../Drivers/STM32H7xx_HAL_Driver/Inc/Legacy -I../Drivers/CMSIS/Device/ST/STM32H7xx/Include -I../Drivers/CMSIS/Include -IC:/Users/admin/Documents/Work/STM32/ARGUS_SOFT/h743_argus_S50MV85I_Main/../AFBR-S50-API/AFBR-S50/Include -O0 -ffunction-sections -fdata-sections -Wall -fstack-usage -fcyclomatic-complexity -MMD -MP -MF"Argus_lib/ExplorerApp/sci/sci_cmd.d" -MT"Argus_lib/ExplorerApp/sci/sci_cmd.o" --specs=nano.specs -mfpu=fpv5-d16 -mfloat-abi=hard -mthumb -o "Argus_lib/ExplorerApp/sci/sci_cmd.o"
../app_core/BalancingControllerApp.cpp: In member function 'void BalancingControllerApp::_init_hw()':
../app_core/BalancingControllerApp.cpp:73:31: error: 'SCI_DataLink_RequestTxFrame' was not declared in this scope
   73 |         sci_frame_t * frame = SCI_DataLink_RequestTxFrame(true);
      |                               ^~~~~~~~~~~~~~~~~~~~~~~~~~~
../app_core/BalancingControllerApp.cpp:74:27: error: return-statement with a value, in function returning 'void' [-fpermissive]
   74 |         if(!frame) return ERROR_SCI_BUFFER_FULL;
      |                           ^~~~~~~~~~~~~~~~~~~~~
../app_core/BalancingControllerApp.cpp:76:35: error: 'CMD_LOG_MESSAGE' was not declared in this scope
   76 |         SCI_Frame_Queue08u(frame, CMD_LOG_MESSAGE);
      |                                   ^~~~~~~~~~~~~~~
../app_core/BalancingControllerApp.cpp:78:16: error: 'SCI_DataLink_SendTxFrame' was not declared in this scope
   78 |         return SCI_DataLink_SendTxFrame(frame, false);
      |                ^~~~~~~~~~~~~~~~~~~~~~~~
make: *** [app_core/subdir.mk:22: app_core/BalancingControllerApp.o] Error 1
"make -j16 all" terminated with exit code 2. Build might be incomplete.
08:54:52 **** Incremental Build of configuration Debug for project h743_argus_S50MV85I_Main ****
make -j16 all 
arm-none-eabi-g++ "../app_core/BalancingControllerApp.cpp" -mcpu=cortex-m7 -std=gnu++20 -g3 -DDEBUG -DUSE_HAL_DRIVER -DSTM32H723xx -c -I../Core/Inc -I"C:/Users/admin/Documents/Work/STM32/ARGUS_SOFT/h743_argus_S50MV85I_Main/app_core/KBus" -I"C:/Users/admin/Documents/Work/STM32/ARGUS_SOFT/h743_argus_S50MV85I_Main/Argus_lib/ExampleApp" -I"C:/Users/admin/Documents/Work/STM32/ARGUS_SOFT/h743_argus_S50MV85I_Main/Argus_lib/ExplorerApp" -I"C:/Users/admin/Documents/Work/STM32/ARGUS_SOFT/h743_argus_S50MV85I_Main/Argus_lib" -I"C:/Users/admin/Documents/Work/STM32/ARGUS_SOFT/h743_argus_S50MV85I_Main/../AFBR-S50-API/AFBR-S50/Include" -I"C:/Users/admin/Documents/Work/STM32/ARGUS_SOFT/h743_argus_S50MV85I_Main/app_core/tools" -I"C:/Users/admin/Documents/Work/STM32/ARGUS_SOFT/h743_argus_S50MV85I_Main/app_core" -I../Drivers/STM32H7xx_HAL_Driver/Inc -I../Drivers/STM32H7xx_HAL_Driver/Inc/Legacy -I../Drivers/CMSIS/Device/ST/STM32H7xx/Include -I../Drivers/CMSIS/Include -O0 -ffunction-sections -fdata-sections -fno-exceptions -fno-rtti -fno-use-cxa-atexit -Wall -fstack-usage -fcyclomatic-complexity -MMD -MP -MF"app_core/BalancingControllerApp.d" -MT"app_core/BalancingControllerApp.o" --specs=nano.specs -mfpu=fpv5-d16 -mfloat-abi=hard -mthumb -o "app_core/BalancingControllerApp.o"
../app_core/BalancingControllerApp.cpp:68:10: fatal error: sci_datalink.h: No such file or directory
   68 | #include "sci_datalink.h"
      |          ^~~~~~~~~~~~~~~~
compilation terminated.
make: *** [app_core/subdir.mk:22: app_core/BalancingControllerApp.o] Error 1
"make -j16 all" terminated with exit code 2. Build might be incomplete.
08:55:01 **** Incremental Build of configuration Debug for project h743_argus_S50MV85I_Main ****
make -j16 all 
arm-none-eabi-g++ "../app_core/BalancingControllerApp.cpp" -mcpu=cortex-m7 -std=gnu++20 -g3 -DDEBUG -DUSE_HAL_DRIVER -DSTM32H723xx -c -I../Core/Inc -I"C:/Users/admin/Documents/Work/STM32/ARGUS_SOFT/h743_argus_S50MV85I_Main/app_core/KBus" -I"C:/Users/admin/Documents/Work/STM32/ARGUS_SOFT/h743_argus_S50MV85I_Main/Argus_lib/ExampleApp" -I"C:/Users/admin/Documents/Work/STM32/ARGUS_SOFT/h743_argus_S50MV85I_Main/Argus_lib/ExplorerApp" -I"C:/Users/admin/Documents/Work/STM32/ARGUS_SOFT/h743_argus_S50MV85I_Main/Argus_lib" -I"C:/Users/admin/Documents/Work/STM32/ARGUS_SOFT/h743_argus_S50MV85I_Main/../AFBR-S50-API/AFBR-S50/Include" -I"C:/Users/admin/Documents/Work/STM32/ARGUS_SOFT/h743_argus_S50MV85I_Main/app_core/tools" -I"C:/Users/admin/Documents/Work/STM32/ARGUS_SOFT/h743_argus_S50MV85I_Main/app_core" -I../Drivers/STM32H7xx_HAL_Driver/Inc -I../Drivers/STM32H7xx_HAL_Driver/Inc/Legacy -I../Drivers/CMSIS/Device/ST/STM32H7xx/Include -I../Drivers/CMSIS/Include -O0 -ffunction-sections -fdata-sections -fno-exceptions -fno-rtti -fno-use-cxa-atexit -Wall -fstack-usage -fcyclomatic-complexity -MMD -MP -MF"app_core/BalancingControllerApp.d" -MT"app_core/BalancingControllerApp.o" --specs=nano.specs -mfpu=fpv5-d16 -mfloat-abi=hard -mthumb -o "app_core/BalancingControllerApp.o"
../app_core/BalancingControllerApp.cpp:15:10: fatal error: sci_datalink.h: No such file or directory
   15 | #include "sci_datalink.h"
      |          ^~~~~~~~~~~~~~~~
compilation terminated.
make: *** [app_core/subdir.mk:22: app_core/BalancingControllerApp.o] Error 1
"make -j16 all" terminated with exit code 2. Build might be incomplete.
09:56:56 **** Build of configuration Debug for project h743_argus_S50MV85I_ExplorerApp ****
make -j16 all 
arm-none-eabi-size  h743_argus_S50MV85I_ExplorerApp.elf 
   text	   data	    bss	    dec	    hex	filename
 202080	    564	  42468	 245112	  3bd78	h743_argus_S50MV85I_ExplorerApp.elf
Finished building: default.size.stdout
 
05:33:51 **** Incremental Build of configuration Debug for project h743_argus_S50MV85I_ExplorerApp ****
make -j16 all 
arm-none-eabi-size  h743_argus_S50MV85I_ExplorerApp.elf 
   text	   data	    bss	    dec	    hex	filename
 202080	    564	  42468	 245112	  3bd78	h743_argus_S50MV85I_ExplorerApp.elf
Finished building: default.size.stdout
 
